export const snapshot = {};

snapshot[`dashboard endpoints aggregate imported sessions > harnesses 1`] = `
{
  harnesses: [
    "pi",
    "codex",
  ],
}
`;

snapshot[`dashboard endpoints aggregate imported sessions > usage 1`] = `
{
  days: [
    {
      date: "2026-01-15",
      models: [
        {
          cost: 5.079782000000002,
          input: 25365301,
          model: "gpt-5.6-luna",
        },
        {
          cost: 0.17134655,
          input: 209755,
          model: "anthropic/claude-haiku-4.5",
        },
        {
          cost: 7.872698,
          input: 4773660,
          model: "gpt-6-astra",
        },
        {
          cost: 0.14033999999999996,
          input: 158190,
          model: "gpt-5.6-sol",
        },
        {
          cost: 0.029587000000000002,
          input: 21700,
          model: "gpt-5.6-terra",
        },
      ],
    },
    {
      date: "2026-01-20",
      models: [
        {
          cost: 5.367338000000001,
          input: 3521618,
          model: "gpt-6-astra",
        },
      ],
    },
    {
      date: "2026-01-21",
      models: [
        {
          cost: 1.118782,
          input: 328652,
          model: "gpt-6-astra",
        },
      ],
    },
  ],
  hasUnpricedCost: false,
  initialInputDays: [
    {
      average: 16968,
      date: "2026-01-15",
      harness: "codex",
      median: 16968,
      sessions: 1,
    },
    {
      average: 3228,
      date: "2026-01-15",
      harness: "pi",
      median: 2999,
      sessions: 4,
    },
  ],
  initialInputSummary: {
    average: 5976,
    median: 3000,
    sessions: 5,
  },
  sessionInputDays: [
    {
      average: 6875775.2,
      date: "2026-01-15",
      median: 3159445,
      p90: 17404974.6,
      sessions: 5,
    },
  ],
  sessionInputWeeks: [
    {
      average: 6875775.2,
      date: "2026-01-12",
      endDate: "2026-01-18",
      median: 3159445,
      p90: 17404974.6,
      sessions: 5,
    },
  ],
  subagentCoverage: "partial",
  subagentDays: [
    {
      date: "2026-01-15",
      hasUnpricedCost: false,
      rootOnly: 5,
      subagentCost: 0,
      subagentInput: 0,
      subagents: 0,
      totalCost: 13.29375355,
      totalInput: 30528606,
      withMultipleSubagents: 0,
      withSubagents: 0,
    },
    {
      date: "2026-01-20",
      hasUnpricedCost: false,
      rootOnly: 1,
      subagentCost: 0,
      subagentInput: 0,
      subagents: 0,
      totalCost: 5.367338000000001,
      totalInput: 3521618,
      withMultipleSubagents: 0,
      withSubagents: 0,
    },
    {
      date: "2026-01-21",
      hasUnpricedCost: false,
      rootOnly: 1,
      subagentCost: 0,
      subagentInput: 0,
      subagents: 0,
      totalCost: 1.118782,
      totalInput: 328652,
      withMultipleSubagents: 0,
      withSubagents: 0,
    },
  ],
  subagentWeeks: [
    {
      date: "2026-01-12",
      endDate: "2026-01-18",
      hasUnpricedCost: false,
      rootOnly: 5,
      subagentCost: 0,
      subagentInput: 0,
      subagents: 0,
      totalCost: 13.29375355,
      totalInput: 30528606,
      withMultipleSubagents: 0,
      withSubagents: 0,
    },
    {
      date: "2026-01-19",
      endDate: "2026-01-25",
      hasUnpricedCost: false,
      rootOnly: 1,
      subagentCost: 0,
      subagentInput: 0,
      subagents: 0,
      totalCost: 6.486120000000001,
      totalInput: 3850270,
      withMultipleSubagents: 0,
      withSubagents: 0,
    },
  ],
}
`;

snapshot[`dashboard endpoints aggregate imported sessions > activity overview 1`] = `
{
  days: [
    {
      date: "2026-01-15",
      estimatedActiveMs: 4675050,
      hasUnpricedCost: false,
      models: [
        {
          input: 4773660,
          model: "gpt-6-astra",
          spend: 7.872698,
        },
        {
          input: 25365301,
          model: "gpt-5.6-luna",
          spend: 5.079782000000002,
        },
        {
          input: 209755,
          model: "anthropic/claude-haiku-4.5",
          spend: 0.17134655,
        },
      ],
      processedInput: 30528606,
      sessions: 5,
      spend: 13.29375355,
      topSessions: [
        {
          harness: "pi",
          hasUnpricedCost: false,
          id: 1,
          models: [
            "gpt-5.6-luna",
          ],
          processedInput: 25365301,
          spend: 5.079782000000002,
          title: "Example attachment: /workspace/example/image.png",
          turns: 8,
        },
        {
          harness: "pi",
          hasUnpricedCost: false,
          id: 4,
          models: [
            "gpt-6-astra",
          ],
          processedInput: 3159445,
          spend: 4.632378,
          title: "Example session content.",
          turns: 24,
        },
        {
          harness: "pi",
          hasUnpricedCost: false,
          id: 3,
          models: [
            "gpt-6-astra",
          ],
          processedInput: 1614215,
          spend: 3.24032,
          title: "Example session content.",
          turns: 18,
        },
      ],
      turns: 64,
    },
    {
      date: "2026-01-20",
      estimatedActiveMs: 3208655,
      hasUnpricedCost: false,
      models: [
        {
          input: 3521618,
          model: "gpt-6-astra",
          spend: 5.367338000000001,
        },
      ],
      processedInput: 3521618,
      sessions: 1,
      spend: 5.367338000000001,
      topSessions: [
        {
          harness: "pi",
          hasUnpricedCost: false,
          id: 3,
          models: [
            "gpt-6-astra",
          ],
          processedInput: 3521618,
          spend: 5.367338000000001,
          title: "Example session content.",
          turns: 19,
        },
      ],
      turns: 19,
    },
    {
      date: "2026-01-21",
      estimatedActiveMs: 1162684,
      hasUnpricedCost: false,
      models: [
        {
          input: 328652,
          model: "gpt-6-astra",
          spend: 1.118782,
        },
      ],
      processedInput: 328652,
      sessions: 1,
      spend: 1.118782,
      topSessions: [
        {
          harness: "pi",
          hasUnpricedCost: false,
          id: 3,
          models: [
            "gpt-6-astra",
          ],
          processedInput: 328652,
          spend: 1.118782,
          title: "Example session content.",
          turns: 4,
        },
      ],
      turns: 4,
    },
  ],
  endDate: "2026-02-01",
  spendComposition: {
    days: [
      {
        date: "2026-01-03",
        models: [],
        otherHasUnpricedCost: false,
        otherModels: [],
        otherProcessedInput: 0,
        otherSpend: 0,
      },
      {
        date: "2026-01-04",
        models: [],
        otherHasUnpricedCost: false,
        otherModels: [],
        otherProcessedInput: 0,
        otherSpend: 0,
      },
      {
        date: "2026-01-05",
        models: [],
        otherHasUnpricedCost: false,
        otherModels: [],
        otherProcessedInput: 0,
        otherSpend: 0,
      },
      {
        date: "2026-01-06",
        models: [],
        otherHasUnpricedCost: false,
        otherModels: [],
        otherProcessedInput: 0,
        otherSpend: 0,
      },
      {
        date: "2026-01-07",
        models: [],
        otherHasUnpricedCost: false,
        otherModels: [],
        otherProcessedInput: 0,
        otherSpend: 0,
      },
      {
        date: "2026-01-08",
        models: [],
        otherHasUnpricedCost: false,
        otherModels: [],
        otherProcessedInput: 0,
        otherSpend: 0,
      },
      {
        date: "2026-01-09",
        models: [],
        otherHasUnpricedCost: false,
        otherModels: [],
        otherProcessedInput: 0,
        otherSpend: 0,
      },
      {
        date: "2026-01-10",
        models: [],
        otherHasUnpricedCost: false,
        otherModels: [],
        otherProcessedInput: 0,
        otherSpend: 0,
      },
      {
        date: "2026-01-11",
        models: [],
        otherHasUnpricedCost: false,
        otherModels: [],
        otherProcessedInput: 0,
        otherSpend: 0,
      },
      {
        date: "2026-01-12",
        models: [],
        otherHasUnpricedCost: false,
        otherModels: [],
        otherProcessedInput: 0,
        otherSpend: 0,
      },
      {
        date: "2026-01-13",
        models: [],
        otherHasUnpricedCost: false,
        otherModels: [],
        otherProcessedInput: 0,
        otherSpend: 0,
      },
      {
        date: "2026-01-14",
        models: [],
        otherHasUnpricedCost: false,
        otherModels: [],
        otherProcessedInput: 0,
        otherSpend: 0,
      },
      {
        date: "2026-01-15",
        models: [
          {
            hasUnpricedCost: false,
            model: "gpt-5.6-luna",
            processedInput: 25365301,
            spend: 5.079782000000002,
          },
          {
            hasUnpricedCost: false,
            model: "anthropic/claude-haiku-4.5",
            processedInput: 209755,
            spend: 0.17134655,
          },
          {
            hasUnpricedCost: false,
            model: "gpt-6-astra",
            processedInput: 4773660,
            spend: 7.872698,
          },
          {
            hasUnpricedCost: false,
            model: "gpt-5.6-sol",
            processedInput: 158190,
            spend: 0.14033999999999996,
          },
          {
            hasUnpricedCost: false,
            model: "gpt-5.6-terra",
            processedInput: 21700,
            spend: 0.029587000000000002,
          },
        ],
        otherHasUnpricedCost: false,
        otherModels: [],
        otherProcessedInput: 0,
        otherSpend: 0,
      },
      {
        date: "2026-01-16",
        models: [],
        otherHasUnpricedCost: false,
        otherModels: [],
        otherProcessedInput: 0,
        otherSpend: 0,
      },
      {
        date: "2026-01-17",
        models: [],
        otherHasUnpricedCost: false,
        otherModels: [],
        otherProcessedInput: 0,
        otherSpend: 0,
      },
      {
        date: "2026-01-18",
        models: [],
        otherHasUnpricedCost: false,
        otherModels: [],
        otherProcessedInput: 0,
        otherSpend: 0,
      },
      {
        date: "2026-01-19",
        models: [],
        otherHasUnpricedCost: false,
        otherModels: [],
        otherProcessedInput: 0,
        otherSpend: 0,
      },
      {
        date: "2026-01-20",
        models: [
          {
            hasUnpricedCost: false,
            model: "gpt-6-astra",
            processedInput: 3521618,
            spend: 5.367338000000001,
          },
        ],
        otherHasUnpricedCost: false,
        otherModels: [],
        otherProcessedInput: 0,
        otherSpend: 0,
      },
      {
        date: "2026-01-21",
        models: [
          {
            hasUnpricedCost: false,
            model: "gpt-6-astra",
            processedInput: 328652,
            spend: 1.118782,
          },
        ],
        otherHasUnpricedCost: false,
        otherModels: [],
        otherProcessedInput: 0,
        otherSpend: 0,
      },
      {
        date: "2026-01-22",
        models: [],
        otherHasUnpricedCost: false,
        otherModels: [],
        otherProcessedInput: 0,
        otherSpend: 0,
      },
      {
        date: "2026-01-23",
        models: [],
        otherHasUnpricedCost: false,
        otherModels: [],
        otherProcessedInput: 0,
        otherSpend: 0,
      },
      {
        date: "2026-01-24",
        models: [],
        otherHasUnpricedCost: false,
        otherModels: [],
        otherProcessedInput: 0,
        otherSpend: 0,
      },
      {
        date: "2026-01-25",
        models: [],
        otherHasUnpricedCost: false,
        otherModels: [],
        otherProcessedInput: 0,
        otherSpend: 0,
      },
      {
        date: "2026-01-26",
        models: [],
        otherHasUnpricedCost: false,
        otherModels: [],
        otherProcessedInput: 0,
        otherSpend: 0,
      },
      {
        date: "2026-01-27",
        models: [],
        otherHasUnpricedCost: false,
        otherModels: [],
        otherProcessedInput: 0,
        otherSpend: 0,
      },
      {
        date: "2026-01-28",
        models: [],
        otherHasUnpricedCost: false,
        otherModels: [],
        otherProcessedInput: 0,
        otherSpend: 0,
      },
      {
        date: "2026-01-29",
        models: [],
        otherHasUnpricedCost: false,
        otherModels: [],
        otherProcessedInput: 0,
        otherSpend: 0,
      },
      {
        date: "2026-01-30",
        models: [],
        otherHasUnpricedCost: false,
        otherModels: [],
        otherProcessedInput: 0,
        otherSpend: 0,
      },
      {
        date: "2026-01-31",
        models: [],
        otherHasUnpricedCost: false,
        otherModels: [],
        otherProcessedInput: 0,
        otherSpend: 0,
      },
      {
        date: "2026-02-01",
        models: [],
        otherHasUnpricedCost: false,
        otherModels: [],
        otherProcessedInput: 0,
        otherSpend: 0,
      },
    ],
    hasUnpricedCost: false,
    models: [
      {
        effectiveCostPerMillion: 1.664997048909256,
        generation: "6",
        hasUnpricedCost: false,
        model: "gpt-6-astra",
        processedInput: 8623930,
        provider: "openai",
        selectedBySpend: true,
        selectedByTokens: true,
        spend: 14.358818,
        spendRank: 1,
        tier: "standard",
        tierRank: 1,
        tokenRank: 2,
      },
      {
        effectiveCostPerMillion: 0.20026499981214502,
        generation: "5.6",
        hasUnpricedCost: false,
        model: "gpt-5.6-luna",
        processedInput: 25365301,
        provider: "openai",
        selectedBySpend: true,
        selectedByTokens: true,
        spend: 5.079782000000002,
        spendRank: 2,
        tier: "luna",
        tierRank: 2,
        tokenRank: 1,
      },
      {
        effectiveCostPerMillion: 0.8168889895354103,
        generation: "4.5",
        hasUnpricedCost: false,
        model: "anthropic/claude-haiku-4.5",
        processedInput: 209755,
        provider: "anthropic",
        selectedBySpend: true,
        selectedByTokens: true,
        spend: 0.17134655,
        spendRank: 3,
        tier: "haiku",
        tierRank: 3,
        tokenRank: 3,
      },
      {
        effectiveCostPerMillion: 0.8871610089133318,
        generation: "5.6",
        hasUnpricedCost: false,
        model: "gpt-5.6-sol",
        processedInput: 158190,
        provider: "openai",
        selectedBySpend: true,
        selectedByTokens: true,
        spend: 0.14033999999999996,
        spendRank: 4,
        tier: "sol",
        tierRank: 0,
        tokenRank: 4,
      },
      {
        effectiveCostPerMillion: 1.363456221198157,
        generation: "5.6",
        hasUnpricedCost: false,
        model: "gpt-5.6-terra",
        processedInput: 21700,
        provider: "openai",
        selectedBySpend: true,
        selectedByTokens: true,
        spend: 0.029587000000000002,
        spendRank: 5,
        tier: "terra",
        tierRank: 1,
        tokenRank: 5,
      },
    ],
    processedInput: 34378876,
    spend: 19.779873549999998,
  },
  startDate: "2026-01-03",
  summary: {
    hasUnpricedCost: false,
    processedInput: 34378876,
    sessions: 5,
    spend: 19.77987355,
    spendAtMissCalls: 3.226401778826351,
    subagentSpend: 0,
    tokenReuse: 0.9625220149722172,
    topDecileSpendShare: 0.491734185024656,
  },
}
`;

snapshot[`dashboard endpoints aggregate imported sessions > work rhythm 1`] = `
{
  sessionDiagnostics: {
    sessions: [
      {
        dates: [
          "2026-01-15",
        ],
        estimatedActiveMinutes: 12.917933333333334,
        harness: "codex",
        hasUnpricedSpend: false,
        id: "fixture-id-0001",
        observedSessionMinutes: 7.94415,
        primaryModel: "gpt-5.6-sol",
        processedInput: 179890,
        spend: 0.16992699999999997,
        title: "Example session content.",
        tokenReuse: 0.8794707877035967,
        userTurns: 5,
      },
      {
        dates: [
          "2026-01-15",
        ],
        estimatedActiveMinutes: 6.966116666666666,
        harness: "pi",
        hasUnpricedSpend: false,
        id: "haiku-thinking2-full1",
        observedSessionMinutes: 2.0033666666666665,
        primaryModel: "anthropic/claude-haiku-4.5",
        processedInput: 209755,
        spend: 0.17134655,
        title: "Example session content.",
        tokenReuse: 0.3905175085218469,
        userTurns: 9,
      },
      {
        dates: [
          "2026-01-15",
        ],
        estimatedActiveMinutes: 45.10305,
        harness: "pi",
        hasUnpricedSpend: false,
        id: "astra-full1-partial2",
        observedSessionMinutes: 52.81838333333334,
        primaryModel: "gpt-6-astra",
        processedInput: 3159445,
        spend: 4.632378,
        title: "Example session content.",
        tokenReuse: 0.9646656295646862,
        userTurns: 24,
      },
      {
        dates: [
          "2026-01-15",
        ],
        estimatedActiveMinutes: 26.610116666666666,
        harness: "pi",
        hasUnpricedSpend: false,
        id: "luna-compaction1-full1",
        observedSessionMinutes: 46.54675,
        primaryModel: "gpt-5.6-luna",
        processedInput: 25365301,
        spend: 5.079782000000002,
        title: "Example attachment: /workspace/example/image.png",
        tokenReuse: 0.973560534527069,
        userTurns: 8,
      },
      {
        dates: [
          "2026-01-15",
          "2026-01-20",
          "2026-01-21",
        ],
        estimatedActiveMinutes: 85.52058333333333,
        harness: "pi",
        hasUnpricedSpend: false,
        id: "astra-ttl3-full2",
        observedSessionMinutes: 8450.772766666667,
        primaryModel: "gpt-6-astra",
        processedInput: 5464485,
        spend: 9.72644,
        title: "Example session content.",
        tokenReuse: 0.9347340142758193,
        userTurns: 41,
      },
    ],
  },
  workRhythm: {
    afterHoursShare: 0.41445436020242,
    days: {
      "2026-01-03": {
        date: "2026-01-03",
        estimatedActiveMinutes: 0,
        hasUnpricedSpend: false,
        intensity: 0,
        parallelWork: {
          activeTimeShare: {
            fourPlusSessions: 0,
            oneSession: 0,
            threeSessions: 0,
            twoSessions: 0,
          },
          overlappingShare: 0,
          peakConcurrentSessions: 0,
        },
        processedInputTokens: 0,
        rootSessions: 0,
        sessions: [],
        spend: 0,
        topSessions: [],
        userTurns: 0,
        workBlocks: {
          count: 0,
        },
      },
      "2026-01-04": {
        date: "2026-01-04",
        estimatedActiveMinutes: 0,
        hasUnpricedSpend: false,
        intensity: 0,
        parallelWork: {
          activeTimeShare: {
            fourPlusSessions: 0,
            oneSession: 0,
            threeSessions: 0,
            twoSessions: 0,
          },
          overlappingShare: 0,
          peakConcurrentSessions: 0,
        },
        processedInputTokens: 0,
        rootSessions: 0,
        sessions: [],
        spend: 0,
        topSessions: [],
        userTurns: 0,
        workBlocks: {
          count: 0,
        },
      },
      "2026-01-05": {
        date: "2026-01-05",
        estimatedActiveMinutes: 0,
        hasUnpricedSpend: false,
        intensity: 0,
        parallelWork: {
          activeTimeShare: {
            fourPlusSessions: 0,
            oneSession: 0,
            threeSessions: 0,
            twoSessions: 0,
          },
          overlappingShare: 0,
          peakConcurrentSessions: 0,
        },
        processedInputTokens: 0,
        rootSessions: 0,
        sessions: [],
        spend: 0,
        topSessions: [],
        userTurns: 0,
        workBlocks: {
          count: 0,
        },
      },
      "2026-01-06": {
        date: "2026-01-06",
        estimatedActiveMinutes: 0,
        hasUnpricedSpend: false,
        intensity: 0,
        parallelWork: {
          activeTimeShare: {
            fourPlusSessions: 0,
            oneSession: 0,
            threeSessions: 0,
            twoSessions: 0,
          },
          overlappingShare: 0,
          peakConcurrentSessions: 0,
        },
        processedInputTokens: 0,
        rootSessions: 0,
        sessions: [],
        spend: 0,
        topSessions: [],
        userTurns: 0,
        workBlocks: {
          count: 0,
        },
      },
      "2026-01-07": {
        date: "2026-01-07",
        estimatedActiveMinutes: 0,
        hasUnpricedSpend: false,
        intensity: 0,
        parallelWork: {
          activeTimeShare: {
            fourPlusSessions: 0,
            oneSession: 0,
            threeSessions: 0,
            twoSessions: 0,
          },
          overlappingShare: 0,
          peakConcurrentSessions: 0,
        },
        processedInputTokens: 0,
        rootSessions: 0,
        sessions: [],
        spend: 0,
        topSessions: [],
        userTurns: 0,
        workBlocks: {
          count: 0,
        },
      },
      "2026-01-08": {
        date: "2026-01-08",
        estimatedActiveMinutes: 0,
        hasUnpricedSpend: false,
        intensity: 0,
        parallelWork: {
          activeTimeShare: {
            fourPlusSessions: 0,
            oneSession: 0,
            threeSessions: 0,
            twoSessions: 0,
          },
          overlappingShare: 0,
          peakConcurrentSessions: 0,
        },
        processedInputTokens: 0,
        rootSessions: 0,
        sessions: [],
        spend: 0,
        topSessions: [],
        userTurns: 0,
        workBlocks: {
          count: 0,
        },
      },
      "2026-01-09": {
        date: "2026-01-09",
        estimatedActiveMinutes: 0,
        hasUnpricedSpend: false,
        intensity: 0,
        parallelWork: {
          activeTimeShare: {
            fourPlusSessions: 0,
            oneSession: 0,
            threeSessions: 0,
            twoSessions: 0,
          },
          overlappingShare: 0,
          peakConcurrentSessions: 0,
        },
        processedInputTokens: 0,
        rootSessions: 0,
        sessions: [],
        spend: 0,
        topSessions: [],
        userTurns: 0,
        workBlocks: {
          count: 0,
        },
      },
      "2026-01-10": {
        date: "2026-01-10",
        estimatedActiveMinutes: 0,
        hasUnpricedSpend: false,
        intensity: 0,
        parallelWork: {
          activeTimeShare: {
            fourPlusSessions: 0,
            oneSession: 0,
            threeSessions: 0,
            twoSessions: 0,
          },
          overlappingShare: 0,
          peakConcurrentSessions: 0,
        },
        processedInputTokens: 0,
        rootSessions: 0,
        sessions: [],
        spend: 0,
        topSessions: [],
        userTurns: 0,
        workBlocks: {
          count: 0,
        },
      },
      "2026-01-11": {
        date: "2026-01-11",
        estimatedActiveMinutes: 0,
        hasUnpricedSpend: false,
        intensity: 0,
        parallelWork: {
          activeTimeShare: {
            fourPlusSessions: 0,
            oneSession: 0,
            threeSessions: 0,
            twoSessions: 0,
          },
          overlappingShare: 0,
          peakConcurrentSessions: 0,
        },
        processedInputTokens: 0,
        rootSessions: 0,
        sessions: [],
        spend: 0,
        topSessions: [],
        userTurns: 0,
        workBlocks: {
          count: 0,
        },
      },
      "2026-01-12": {
        date: "2026-01-12",
        estimatedActiveMinutes: 0,
        hasUnpricedSpend: false,
        intensity: 0,
        parallelWork: {
          activeTimeShare: {
            fourPlusSessions: 0,
            oneSession: 0,
            threeSessions: 0,
            twoSessions: 0,
          },
          overlappingShare: 0,
          peakConcurrentSessions: 0,
        },
        processedInputTokens: 0,
        rootSessions: 0,
        sessions: [],
        spend: 0,
        topSessions: [],
        userTurns: 0,
        workBlocks: {
          count: 0,
        },
      },
      "2026-01-13": {
        date: "2026-01-13",
        estimatedActiveMinutes: 0,
        hasUnpricedSpend: false,
        intensity: 0,
        parallelWork: {
          activeTimeShare: {
            fourPlusSessions: 0,
            oneSession: 0,
            threeSessions: 0,
            twoSessions: 0,
          },
          overlappingShare: 0,
          peakConcurrentSessions: 0,
        },
        processedInputTokens: 0,
        rootSessions: 0,
        sessions: [],
        spend: 0,
        topSessions: [],
        userTurns: 0,
        workBlocks: {
          count: 0,
        },
      },
      "2026-01-14": {
        date: "2026-01-14",
        estimatedActiveMinutes: 0,
        hasUnpricedSpend: false,
        intensity: 0,
        parallelWork: {
          activeTimeShare: {
            fourPlusSessions: 0,
            oneSession: 0,
            threeSessions: 0,
            twoSessions: 0,
          },
          overlappingShare: 0,
          peakConcurrentSessions: 0,
        },
        processedInputTokens: 0,
        rootSessions: 0,
        sessions: [],
        spend: 0,
        topSessions: [],
        userTurns: 0,
        workBlocks: {
          count: 0,
        },
      },
      "2026-01-15": {
        date: "2026-01-15",
        estimatedActiveMinutes: 65.71606666666666,
        hasUnpricedSpend: false,
        intensity: 3,
        parallelWork: {
          activeTimeShare: {
            fourPlusSessions: 0.10333343139830849,
            oneSession: 0.4453276773513529,
            threeSessions: 0.002294213185816558,
            twoSessions: 0.44904467806452203,
          },
          overlappingShare: 0.5546723226486471,
          peakConcurrentSessions: 5,
        },
        processedInputTokens: 30528606,
        rootSessions: 5,
        sessions: [
          {
            activeDateRange: {
              end: "2026-01-15",
              start: "2026-01-15",
            },
            estimatedActiveMinutes: 12.917933333333334,
            harness: "codex",
            hasUnpricedSpend: false,
            hasUnpricedTotalSpend: false,
            id: "fixture-id-0001",
            intervals: [
              {
                end: 1768478875077,
                start: 1768478100001,
              },
            ],
            model: "gpt-5.6-sol",
            spend: 0.16992699999999997,
            startTime: "2026-01-15T11:55:00.001Z",
            title: "Example session content.",
            totalSpend: 0.16992699999999997,
          },
          {
            activeDateRange: {
              end: "2026-01-15",
              start: "2026-01-15",
            },
            estimatedActiveMinutes: 6.966116666666666,
            harness: "pi",
            hasUnpricedSpend: false,
            hasUnpricedTotalSpend: false,
            id: "haiku-thinking2-full1",
            intervals: [
              {
                end: 1768478537177,
                start: 1768478119210,
              },
            ],
            model: "anthropic/claude-haiku-4.5",
            spend: 0.17134655,
            startTime: "2026-01-15T11:55:19.210Z",
            title: "Example session content.",
            totalSpend: 0.17134655,
          },
          {
            activeDateRange: {
              end: "2026-01-15",
              start: "2026-01-15",
            },
            estimatedActiveMinutes: 45.10305,
            harness: "pi",
            hasUnpricedSpend: false,
            hasUnpricedTotalSpend: false,
            id: "astra-full1-partial2",
            intervals: [
              {
                end: 1768478467876,
                start: 1768478120691,
              },
              {
                end: 1768481563510,
                start: 1768479204512,
              },
            ],
            model: "gpt-6-astra",
            spend: 4.632378,
            startTime: "2026-01-15T11:55:20.691Z",
            title: "Example session content.",
            totalSpend: 4.632378,
          },
          {
            activeDateRange: {
              end: "2026-01-21",
              start: "2026-01-15",
            },
            estimatedActiveMinutes: 28.202033333333333,
            harness: "pi",
            hasUnpricedSpend: false,
            hasUnpricedTotalSpend: false,
            id: "astra-ttl3-full2",
            intervals: [
              {
                end: 1768479339091,
                start: 1768478126424,
              },
              {
                end: 1768514761073,
                start: 1768514281618,
              },
            ],
            model: "gpt-6-astra",
            spend: 3.24032,
            startTime: "2026-01-15T11:55:26.424Z",
            title: "Example session content.",
            totalSpend: 9.72644,
          },
          {
            activeDateRange: {
              end: "2026-01-15",
              start: "2026-01-15",
            },
            estimatedActiveMinutes: 26.610116666666666,
            harness: "pi",
            hasUnpricedSpend: false,
            hasUnpricedTotalSpend: false,
            id: "luna-compaction1-full1",
            intervals: [
              {
                end: 1768478533864,
                start: 1768478233864,
              },
              {
                end: 1768479892146,
                start: 1768479592146,
              },
              {
                end: 1768481311963,
                start: 1768480315356,
              },
            ],
            model: "gpt-5.6-luna",
            spend: 5.079782000000002,
            startTime: "2026-01-15T11:57:13.864Z",
            title: "Example attachment: /workspace/example/image.png",
            totalSpend: 5.079782000000002,
          },
        ],
        spend: 13.29375355,
        topSessions: [
          {
            activeDateRange: {
              end: "2026-01-15",
              start: "2026-01-15",
            },
            harness: "pi",
            hasUnpricedSpend: false,
            hasUnpricedTotalSpend: false,
            id: "luna-compaction1-full1",
            model: "gpt-5.6-luna",
            spend: 5.079782000000002,
            startTime: "2026-01-15T12:02:13.864Z",
            title: "Example attachment: /workspace/example/image.png",
            totalSpend: 5.079782000000002,
          },
          {
            activeDateRange: {
              end: "2026-01-15",
              start: "2026-01-15",
            },
            harness: "pi",
            hasUnpricedSpend: false,
            hasUnpricedTotalSpend: false,
            id: "astra-full1-partial2",
            model: "gpt-6-astra",
            spend: 4.632378,
            startTime: "2026-01-15T12:00:20.691Z",
            title: "Example session content.",
            totalSpend: 4.632378,
          },
          {
            activeDateRange: {
              end: "2026-01-21",
              start: "2026-01-15",
            },
            harness: "pi",
            hasUnpricedSpend: false,
            hasUnpricedTotalSpend: false,
            id: "astra-ttl3-full2",
            model: "gpt-6-astra",
            spend: 3.24032,
            startTime: "2026-01-15T12:00:26.424Z",
            title: "Example session content.",
            totalSpend: 9.72644,
          },
        ],
        userTurns: 64,
        workBlocks: {
          count: 2,
        },
      },
      "2026-01-16": {
        date: "2026-01-16",
        estimatedActiveMinutes: 0,
        hasUnpricedSpend: false,
        intensity: 0,
        parallelWork: {
          activeTimeShare: {
            fourPlusSessions: 0,
            oneSession: 0,
            threeSessions: 0,
            twoSessions: 0,
          },
          overlappingShare: 0,
          peakConcurrentSessions: 0,
        },
        processedInputTokens: 0,
        rootSessions: 0,
        sessions: [],
        spend: 0,
        topSessions: [],
        userTurns: 0,
        workBlocks: {
          count: 0,
        },
      },
      "2026-01-17": {
        date: "2026-01-17",
        estimatedActiveMinutes: 0,
        hasUnpricedSpend: false,
        intensity: 0,
        parallelWork: {
          activeTimeShare: {
            fourPlusSessions: 0,
            oneSession: 0,
            threeSessions: 0,
            twoSessions: 0,
          },
          overlappingShare: 0,
          peakConcurrentSessions: 0,
        },
        processedInputTokens: 0,
        rootSessions: 0,
        sessions: [],
        spend: 0,
        topSessions: [],
        userTurns: 0,
        workBlocks: {
          count: 0,
        },
      },
      "2026-01-18": {
        date: "2026-01-18",
        estimatedActiveMinutes: 0,
        hasUnpricedSpend: false,
        intensity: 0,
        parallelWork: {
          activeTimeShare: {
            fourPlusSessions: 0,
            oneSession: 0,
            threeSessions: 0,
            twoSessions: 0,
          },
          overlappingShare: 0,
          peakConcurrentSessions: 0,
        },
        processedInputTokens: 0,
        rootSessions: 0,
        sessions: [],
        spend: 0,
        topSessions: [],
        userTurns: 0,
        workBlocks: {
          count: 0,
        },
      },
      "2026-01-19": {
        date: "2026-01-19",
        estimatedActiveMinutes: 0,
        hasUnpricedSpend: false,
        intensity: 0,
        parallelWork: {
          activeTimeShare: {
            fourPlusSessions: 0,
            oneSession: 0,
            threeSessions: 0,
            twoSessions: 0,
          },
          overlappingShare: 0,
          peakConcurrentSessions: 0,
        },
        processedInputTokens: 0,
        rootSessions: 0,
        sessions: [],
        spend: 0,
        topSessions: [],
        userTurns: 0,
        workBlocks: {
          count: 0,
        },
      },
      "2026-01-20": {
        date: "2026-01-20",
        estimatedActiveMinutes: 43.00131666666667,
        hasUnpricedSpend: false,
        intensity: 2,
        parallelWork: {
          activeTimeShare: {
            fourPlusSessions: 0,
            oneSession: 1,
            threeSessions: 0,
            twoSessions: 0,
          },
          overlappingShare: 0,
          peakConcurrentSessions: 1,
        },
        processedInputTokens: 3521618,
        rootSessions: 1,
        sessions: [
          {
            activeDateRange: {
              end: "2026-01-21",
              start: "2026-01-15",
            },
            estimatedActiveMinutes: 43.00131666666667,
            harness: "pi",
            hasUnpricedSpend: false,
            hasUnpricedTotalSpend: false,
            id: "astra-ttl3-full2",
            intervals: [
              {
                end: 1768948388445,
                start: 1768947319350,
              },
              {
                end: 1768950222046,
                start: 1768948711062,
              },
            ],
            model: "gpt-6-astra",
            spend: 5.367338000000001,
            startTime: "2026-01-20T22:15:19.350Z",
            title: "Example session content.",
            totalSpend: 9.72644,
          },
        ],
        spend: 5.367338000000001,
        topSessions: [
          {
            activeDateRange: {
              end: "2026-01-21",
              start: "2026-01-15",
            },
            harness: "pi",
            hasUnpricedSpend: false,
            hasUnpricedTotalSpend: false,
            id: "astra-ttl3-full2",
            model: "gpt-6-astra",
            spend: 5.367338000000001,
            startTime: "2026-01-20T22:20:19.350Z",
            title: "Example session content.",
            totalSpend: 9.72644,
          },
        ],
        userTurns: 19,
        workBlocks: {
          count: 2,
        },
      },
      "2026-01-21": {
        date: "2026-01-21",
        estimatedActiveMinutes: 14.317233333333334,
        hasUnpricedSpend: false,
        intensity: 1,
        parallelWork: {
          activeTimeShare: {
            fourPlusSessions: 0,
            oneSession: 1,
            threeSessions: 0,
            twoSessions: 0,
          },
          overlappingShare: 0,
          peakConcurrentSessions: 1,
        },
        processedInputTokens: 328652,
        rootSessions: 1,
        sessions: [
          {
            activeDateRange: {
              end: "2026-01-21",
              start: "2026-01-15",
            },
            estimatedActiveMinutes: 14.317233333333334,
            harness: "pi",
            hasUnpricedSpend: false,
            hasUnpricedTotalSpend: false,
            id: "astra-ttl3-full2",
            intervals: [
              {
                end: 1768985469140,
                start: 1768984610106,
              },
            ],
            model: "gpt-6-astra",
            spend: 1.118782,
            startTime: "2026-01-21T08:36:50.106Z",
            title: "Example session content.",
            totalSpend: 9.72644,
          },
        ],
        spend: 1.118782,
        topSessions: [
          {
            activeDateRange: {
              end: "2026-01-21",
              start: "2026-01-15",
            },
            harness: "pi",
            hasUnpricedSpend: false,
            hasUnpricedTotalSpend: false,
            id: "astra-ttl3-full2",
            model: "gpt-6-astra",
            spend: 1.118782,
            startTime: "2026-01-21T08:41:50.106Z",
            title: "Example session content.",
            totalSpend: 9.72644,
          },
        ],
        userTurns: 4,
        workBlocks: {
          count: 1,
        },
      },
      "2026-01-22": {
        date: "2026-01-22",
        estimatedActiveMinutes: 0,
        hasUnpricedSpend: false,
        intensity: 0,
        parallelWork: {
          activeTimeShare: {
            fourPlusSessions: 0,
            oneSession: 0,
            threeSessions: 0,
            twoSessions: 0,
          },
          overlappingShare: 0,
          peakConcurrentSessions: 0,
        },
        processedInputTokens: 0,
        rootSessions: 0,
        sessions: [],
        spend: 0,
        topSessions: [],
        userTurns: 0,
        workBlocks: {
          count: 0,
        },
      },
      "2026-01-23": {
        date: "2026-01-23",
        estimatedActiveMinutes: 0,
        hasUnpricedSpend: false,
        intensity: 0,
        parallelWork: {
          activeTimeShare: {
            fourPlusSessions: 0,
            oneSession: 0,
            threeSessions: 0,
            twoSessions: 0,
          },
          overlappingShare: 0,
          peakConcurrentSessions: 0,
        },
        processedInputTokens: 0,
        rootSessions: 0,
        sessions: [],
        spend: 0,
        topSessions: [],
        userTurns: 0,
        workBlocks: {
          count: 0,
        },
      },
      "2026-01-24": {
        date: "2026-01-24",
        estimatedActiveMinutes: 0,
        hasUnpricedSpend: false,
        intensity: 0,
        parallelWork: {
          activeTimeShare: {
            fourPlusSessions: 0,
            oneSession: 0,
            threeSessions: 0,
            twoSessions: 0,
          },
          overlappingShare: 0,
          peakConcurrentSessions: 0,
        },
        processedInputTokens: 0,
        rootSessions: 0,
        sessions: [],
        spend: 0,
        topSessions: [],
        userTurns: 0,
        workBlocks: {
          count: 0,
        },
      },
      "2026-01-25": {
        date: "2026-01-25",
        estimatedActiveMinutes: 0,
        hasUnpricedSpend: false,
        intensity: 0,
        parallelWork: {
          activeTimeShare: {
            fourPlusSessions: 0,
            oneSession: 0,
            threeSessions: 0,
            twoSessions: 0,
          },
          overlappingShare: 0,
          peakConcurrentSessions: 0,
        },
        processedInputTokens: 0,
        rootSessions: 0,
        sessions: [],
        spend: 0,
        topSessions: [],
        userTurns: 0,
        workBlocks: {
          count: 0,
        },
      },
      "2026-01-26": {
        date: "2026-01-26",
        estimatedActiveMinutes: 0,
        hasUnpricedSpend: false,
        intensity: 0,
        parallelWork: {
          activeTimeShare: {
            fourPlusSessions: 0,
            oneSession: 0,
            threeSessions: 0,
            twoSessions: 0,
          },
          overlappingShare: 0,
          peakConcurrentSessions: 0,
        },
        processedInputTokens: 0,
        rootSessions: 0,
        sessions: [],
        spend: 0,
        topSessions: [],
        userTurns: 0,
        workBlocks: {
          count: 0,
        },
      },
      "2026-01-27": {
        date: "2026-01-27",
        estimatedActiveMinutes: 0,
        hasUnpricedSpend: false,
        intensity: 0,
        parallelWork: {
          activeTimeShare: {
            fourPlusSessions: 0,
            oneSession: 0,
            threeSessions: 0,
            twoSessions: 0,
          },
          overlappingShare: 0,
          peakConcurrentSessions: 0,
        },
        processedInputTokens: 0,
        rootSessions: 0,
        sessions: [],
        spend: 0,
        topSessions: [],
        userTurns: 0,
        workBlocks: {
          count: 0,
        },
      },
      "2026-01-28": {
        date: "2026-01-28",
        estimatedActiveMinutes: 0,
        hasUnpricedSpend: false,
        intensity: 0,
        parallelWork: {
          activeTimeShare: {
            fourPlusSessions: 0,
            oneSession: 0,
            threeSessions: 0,
            twoSessions: 0,
          },
          overlappingShare: 0,
          peakConcurrentSessions: 0,
        },
        processedInputTokens: 0,
        rootSessions: 0,
        sessions: [],
        spend: 0,
        topSessions: [],
        userTurns: 0,
        workBlocks: {
          count: 0,
        },
      },
      "2026-01-29": {
        date: "2026-01-29",
        estimatedActiveMinutes: 0,
        hasUnpricedSpend: false,
        intensity: 0,
        parallelWork: {
          activeTimeShare: {
            fourPlusSessions: 0,
            oneSession: 0,
            threeSessions: 0,
            twoSessions: 0,
          },
          overlappingShare: 0,
          peakConcurrentSessions: 0,
        },
        processedInputTokens: 0,
        rootSessions: 0,
        sessions: [],
        spend: 0,
        topSessions: [],
        userTurns: 0,
        workBlocks: {
          count: 0,
        },
      },
      "2026-01-30": {
        date: "2026-01-30",
        estimatedActiveMinutes: 0,
        hasUnpricedSpend: false,
        intensity: 0,
        parallelWork: {
          activeTimeShare: {
            fourPlusSessions: 0,
            oneSession: 0,
            threeSessions: 0,
            twoSessions: 0,
          },
          overlappingShare: 0,
          peakConcurrentSessions: 0,
        },
        processedInputTokens: 0,
        rootSessions: 0,
        sessions: [],
        spend: 0,
        topSessions: [],
        userTurns: 0,
        workBlocks: {
          count: 0,
        },
      },
      "2026-01-31": {
        date: "2026-01-31",
        estimatedActiveMinutes: 0,
        hasUnpricedSpend: false,
        intensity: 0,
        parallelWork: {
          activeTimeShare: {
            fourPlusSessions: 0,
            oneSession: 0,
            threeSessions: 0,
            twoSessions: 0,
          },
          overlappingShare: 0,
          peakConcurrentSessions: 0,
        },
        processedInputTokens: 0,
        rootSessions: 0,
        sessions: [],
        spend: 0,
        topSessions: [],
        userTurns: 0,
        workBlocks: {
          count: 0,
        },
      },
      "2026-02-01": {
        date: "2026-02-01",
        estimatedActiveMinutes: 0,
        hasUnpricedSpend: false,
        intensity: 0,
        parallelWork: {
          activeTimeShare: {
            fourPlusSessions: 0,
            oneSession: 0,
            threeSessions: 0,
            twoSessions: 0,
          },
          overlappingShare: 0,
          peakConcurrentSessions: 0,
        },
        processedInputTokens: 0,
        rootSessions: 0,
        sessions: [],
        spend: 0,
        topSessions: [],
        userTurns: 0,
        workBlocks: {
          count: 0,
        },
      },
    },
    estimatedActiveMinutes: 123.03461666666666,
    hourlyActivity: [
      {
        activeDates: 0,
        estimatedMinutes: 0,
        hour: 0,
        shareOfTotal: 0,
      },
      {
        activeDates: 0,
        estimatedMinutes: 0,
        hour: 1,
        shareOfTotal: 0,
      },
      {
        activeDates: 0,
        estimatedMinutes: 0,
        hour: 2,
        shareOfTotal: 0,
      },
      {
        activeDates: 0,
        estimatedMinutes: 0,
        hour: 3,
        shareOfTotal: 0,
      },
      {
        activeDates: 0,
        estimatedMinutes: 0,
        hour: 4,
        shareOfTotal: 0,
      },
      {
        activeDates: 0,
        estimatedMinutes: 0,
        hour: 5,
        shareOfTotal: 0,
      },
      {
        activeDates: 0,
        estimatedMinutes: 0,
        hour: 6,
        shareOfTotal: 0,
      },
      {
        activeDates: 0,
        estimatedMinutes: 0,
        hour: 7,
        shareOfTotal: 0,
      },
      {
        activeDates: 1,
        estimatedMinutes: 14.317233333333334,
        hour: 8,
        shareOfTotal: 0.11636752095650045,
      },
      {
        activeDates: 0,
        estimatedMinutes: 0,
        hour: 9,
        shareOfTotal: 0,
      },
      {
        activeDates: 0,
        estimatedMinutes: 0,
        hour: 10,
        shareOfTotal: 0,
      },
      {
        activeDates: 1,
        estimatedMinutes: 4.999983333333334,
        hour: 11,
        shareOfTotal: 0.040638833759116845,
      },
      {
        activeDates: 1,
        estimatedMinutes: 52.72516666666667,
        hour: 12,
        shareOfTotal: 0.4285392850819627,
      },
      {
        activeDates: 0,
        estimatedMinutes: 0,
        hour: 13,
        shareOfTotal: 0,
      },
      {
        activeDates: 0,
        estimatedMinutes: 0,
        hour: 14,
        shareOfTotal: 0,
      },
      {
        activeDates: 0,
        estimatedMinutes: 0,
        hour: 15,
        shareOfTotal: 0,
      },
      {
        activeDates: 0,
        estimatedMinutes: 0,
        hour: 16,
        shareOfTotal: 0,
      },
      {
        activeDates: 0,
        estimatedMinutes: 0,
        hour: 17,
        shareOfTotal: 0,
      },
      {
        activeDates: 0,
        estimatedMinutes: 0,
        hour: 18,
        shareOfTotal: 0,
      },
      {
        activeDates: 0,
        estimatedMinutes: 0,
        hour: 19,
        shareOfTotal: 0,
      },
      {
        activeDates: 0,
        estimatedMinutes: 0,
        hour: 20,
        shareOfTotal: 0,
      },
      {
        activeDates: 1,
        estimatedMinutes: 1.9730333333333334,
        hour: 21,
        shareOfTotal: 0.01603640818159984,
      },
      {
        activeDates: 2,
        estimatedMinutes: 45.31843333333333,
        hour: 22,
        shareOfTotal: 0.36833888348766886,
      },
      {
        activeDates: 1,
        estimatedMinutes: 3.7007666666666665,
        hour: 23,
        shareOfTotal: 0.03007906853315131,
      },
    ],
    methodology: {
      continuationGapTimeoutMinutes: 10,
      fallbackMinutes: 5,
      initialMinutes: 5,
      overlapsCountedOnce: true,
    },
    parallelWork: {
      activeTimeShare: {
        fourPlusSessions: 0.05519313873317767,
        oneSession: 0.7037347348178569,
        threeSessions: 0.0012254003852845208,
        twoSessions: 0.239846726063681,
      },
      overlappingShare: 0.2962652651821432,
      peakConcurrentSessions: 5,
    },
    peakHour: 12,
    range: {
      end: "2026-02-01",
      start: "2026-01-03",
    },
    weekdayActivity: [
      {
        activeOccurrences: 0,
        averageMinutes: 0,
        label: "Mon",
        occurrences: 4,
        totalMinutes: 0,
        weekday: 1,
      },
      {
        activeOccurrences: 1,
        averageMinutes: 10.750329166666667,
        label: "Tue",
        occurrences: 4,
        totalMinutes: 43.00131666666667,
        weekday: 2,
      },
      {
        activeOccurrences: 1,
        averageMinutes: 3.5793083333333335,
        label: "Wed",
        occurrences: 4,
        totalMinutes: 14.317233333333334,
        weekday: 3,
      },
      {
        activeOccurrences: 1,
        averageMinutes: 16.429016666666666,
        label: "Thu",
        occurrences: 4,
        totalMinutes: 65.71606666666666,
        weekday: 4,
      },
      {
        activeOccurrences: 0,
        averageMinutes: 0,
        label: "Fri",
        occurrences: 4,
        totalMinutes: 0,
        weekday: 5,
      },
      {
        activeOccurrences: 0,
        averageMinutes: 0,
        label: "Sat",
        occurrences: 5,
        totalMinutes: 0,
        weekday: 6,
      },
      {
        activeOccurrences: 0,
        averageMinutes: 0,
        label: "Sun",
        occurrences: 5,
        totalMinutes: 0,
        weekday: 0,
      },
    ],
    workBlocks: {
      blocksPerActiveDay: 1.6666666666666667,
      count: 5,
      durationMinutes: {
        average: 24.606923333333334,
        median: 17.81825,
        p10: 10.521443333333334,
        p25: 14.317233333333334,
        p75: 25.183066666666665,
        p90: 44.708316666666676,
      },
      durationShare: {
        fifteenToSixtyMinutes: 0.6,
        oneHourPlus: 0,
        underFifteenMinutes: 0.4,
      },
    },
  },
}
`;

snapshot[`dashboard endpoints aggregate imported sessions > session shape 1`] = `
{
  metrics: [
    {
      distribution: {
        average: 3.9559747100000004,
        median: 4.632378,
        p10: 0.17049481999999996,
        p25: 0.17134655,
        p75: 5.079782000000002,
        p90: 7.8677768000000015,
      },
      key: "cost",
    },
    {
      distribution: {
        average: 6875775.2,
        median: 3159445,
        p10: 191836,
        p25: 209755,
        p75: 5464485,
        p90: 17404974.6,
      },
      key: "processedInput",
    },
    {
      distribution: {
        average: 17.4,
        median: 9,
        p10: 6.2,
        p25: 8,
        p75: 24,
        p90: 34.2,
      },
      key: "userTurns",
    },
    {
      distribution: {
        average: 102721025,
        median: 2792805,
        p10: 262780.80000000005,
        p25: 476649,
        p75: 3169103,
        p90: 305495460.8000001,
      },
      key: "observedSpan",
    },
    {
      distribution: {
        average: 5976,
        median: 3000,
        p10: 2773,
        p25: 2998,
        p75: 4291,
        p90: 11897.2,
      },
      key: "startingContext",
    },
    {
      distribution: {
        average: 107042,
        median: 60041,
        p10: 23677.6,
        p25: 26644,
        p75: 82588,
        p90: 239577.40000000002,
      },
      key: "peakContext",
    },
    {
      distribution: {
        average: 0.8285896949186036,
        median: 0.9347340142758193,
        p10: 0.5860988201945468,
        p25: 0.8794707877035967,
        p75: 0.9646656295646862,
        p90: 0.9700025725421159,
      },
      key: "tokenReuse",
    },
  ],
  multiDaySessionRate: 0.2,
  multiDaySessions: 1,
  rangeDays: 30,
  sampleSize: 5,
  unpricedSessions: 0,
}
`;

snapshot[`dashboard endpoints aggregate imported sessions > performance 1`] = `
{
  anthropic: {
    eligibleModelCalls: 0,
    eligibleSessions: 0,
    eligibleTurns: 0,
    modelCalls: 0,
    modelCallsWithMiss: 0,
    provider: "anthropic",
    reusableTokensAtRisk: 0,
    selectedModel: "all",
    sessions: 0,
    sessionsWithMiss: 0,
    turns: 0,
    turnsWithMiss: 0,
    weeks: [
      {
        date: "2025-11-03",
        eligibleModelCalls: 0,
        eligibleSessions: 0,
        eligibleTurns: 0,
        endDate: "2025-11-09",
        modelCalls: 0,
        modelCallsWithMiss: 0,
        reusableTokensAtRisk: 0,
        reuseOpportunities: 0,
        sessions: 0,
        sessionsWithMiss: 0,
        turns: 0,
        turnsWithMiss: 0,
      },
      {
        date: "2025-11-10",
        eligibleModelCalls: 0,
        eligibleSessions: 0,
        eligibleTurns: 0,
        endDate: "2025-11-16",
        modelCalls: 0,
        modelCallsWithMiss: 0,
        reusableTokensAtRisk: 0,
        reuseOpportunities: 0,
        sessions: 0,
        sessionsWithMiss: 0,
        turns: 0,
        turnsWithMiss: 0,
      },
      {
        date: "2025-11-17",
        eligibleModelCalls: 0,
        eligibleSessions: 0,
        eligibleTurns: 0,
        endDate: "2025-11-23",
        modelCalls: 0,
        modelCallsWithMiss: 0,
        reusableTokensAtRisk: 0,
        reuseOpportunities: 0,
        sessions: 0,
        sessionsWithMiss: 0,
        turns: 0,
        turnsWithMiss: 0,
      },
      {
        date: "2025-11-24",
        eligibleModelCalls: 0,
        eligibleSessions: 0,
        eligibleTurns: 0,
        endDate: "2025-11-30",
        modelCalls: 0,
        modelCallsWithMiss: 0,
        reusableTokensAtRisk: 0,
        reuseOpportunities: 0,
        sessions: 0,
        sessionsWithMiss: 0,
        turns: 0,
        turnsWithMiss: 0,
      },
      {
        date: "2025-12-01",
        eligibleModelCalls: 0,
        eligibleSessions: 0,
        eligibleTurns: 0,
        endDate: "2025-12-07",
        modelCalls: 0,
        modelCallsWithMiss: 0,
        reusableTokensAtRisk: 0,
        reuseOpportunities: 0,
        sessions: 0,
        sessionsWithMiss: 0,
        turns: 0,
        turnsWithMiss: 0,
      },
      {
        date: "2025-12-08",
        eligibleModelCalls: 0,
        eligibleSessions: 0,
        eligibleTurns: 0,
        endDate: "2025-12-14",
        modelCalls: 0,
        modelCallsWithMiss: 0,
        reusableTokensAtRisk: 0,
        reuseOpportunities: 0,
        sessions: 0,
        sessionsWithMiss: 0,
        turns: 0,
        turnsWithMiss: 0,
      },
      {
        date: "2025-12-15",
        eligibleModelCalls: 0,
        eligibleSessions: 0,
        eligibleTurns: 0,
        endDate: "2025-12-21",
        modelCalls: 0,
        modelCallsWithMiss: 0,
        reusableTokensAtRisk: 0,
        reuseOpportunities: 0,
        sessions: 0,
        sessionsWithMiss: 0,
        turns: 0,
        turnsWithMiss: 0,
      },
      {
        date: "2025-12-22",
        eligibleModelCalls: 0,
        eligibleSessions: 0,
        eligibleTurns: 0,
        endDate: "2025-12-28",
        modelCalls: 0,
        modelCallsWithMiss: 0,
        reusableTokensAtRisk: 0,
        reuseOpportunities: 0,
        sessions: 0,
        sessionsWithMiss: 0,
        turns: 0,
        turnsWithMiss: 0,
      },
      {
        date: "2025-12-29",
        eligibleModelCalls: 0,
        eligibleSessions: 0,
        eligibleTurns: 0,
        endDate: "2026-01-04",
        modelCalls: 0,
        modelCallsWithMiss: 0,
        reusableTokensAtRisk: 0,
        reuseOpportunities: 0,
        sessions: 0,
        sessionsWithMiss: 0,
        turns: 0,
        turnsWithMiss: 0,
      },
      {
        date: "2026-01-05",
        eligibleModelCalls: 0,
        eligibleSessions: 0,
        eligibleTurns: 0,
        endDate: "2026-01-11",
        modelCalls: 0,
        modelCallsWithMiss: 0,
        reusableTokensAtRisk: 0,
        reuseOpportunities: 0,
        sessions: 0,
        sessionsWithMiss: 0,
        turns: 0,
        turnsWithMiss: 0,
      },
      {
        date: "2026-01-12",
        eligibleModelCalls: 0,
        eligibleSessions: 0,
        eligibleTurns: 0,
        endDate: "2026-01-18",
        modelCalls: 0,
        modelCallsWithMiss: 0,
        reusableTokensAtRisk: 0,
        reuseOpportunities: 0,
        sessions: 0,
        sessionsWithMiss: 0,
        turns: 0,
        turnsWithMiss: 0,
      },
      {
        date: "2026-01-19",
        eligibleModelCalls: 0,
        eligibleSessions: 0,
        eligibleTurns: 0,
        endDate: "2026-01-25",
        modelCalls: 0,
        modelCallsWithMiss: 0,
        reusableTokensAtRisk: 0,
        reuseOpportunities: 0,
        sessions: 0,
        sessionsWithMiss: 0,
        turns: 0,
        turnsWithMiss: 0,
      },
      {
        date: "2026-01-26",
        eligibleModelCalls: 0,
        eligibleSessions: 0,
        eligibleTurns: 0,
        endDate: "2026-02-01",
        modelCalls: 0,
        modelCallsWithMiss: 0,
        reusableTokensAtRisk: 0,
        reuseOpportunities: 0,
        sessions: 0,
        sessionsWithMiss: 0,
        turns: 0,
        turnsWithMiss: 0,
      },
    ],
  },
  models: {
    anthropic: [
      "claude-fable-5-1",
      "claude-fable-5",
      "claude-opus-5-5",
      "claude-opus-5",
      "claude-opus-4-8",
      "claude-opus-4-7",
      "claude-opus-4-6",
      "claude-opus-4-5",
      "claude-sonnet-5",
      "claude-sonnet-4-5",
      "claude-sonnet-4-5-20250929",
      "claude-haiku-4-5",
      "claude-haiku-4-5-20251001",
    ],
    openai: [
      "gpt-6-astra",
      "gpt-6-sol",
      "gpt-6-luna",
      "gpt-5.6-sol",
      "gpt-5.6-terra",
      "gpt-5.6-luna",
      "gpt-5.5",
      "gpt-5.4",
      "gpt-5.3-codex",
      "gpt-5.2-codex-medium",
      "gpt-5.2-codex-low",
      "gpt-5.2-codex",
    ],
  },
  openai: {
    eligibleModelCalls: 310,
    eligibleSessions: 4,
    eligibleTurns: 73,
    modelCalls: 330,
    modelCallsWithMiss: 6,
    provider: "openai",
    reusableTokensAtRisk: 32316672,
    selectedModel: "all",
    sessions: 4,
    sessionsWithMiss: 3,
    turns: 78,
    turnsWithMiss: 6,
    weeks: [
      {
        date: "2025-11-03",
        eligibleModelCalls: 0,
        eligibleSessions: 0,
        eligibleTurns: 0,
        endDate: "2025-11-09",
        modelCalls: 0,
        modelCallsWithMiss: 0,
        reusableTokensAtRisk: 0,
        reuseOpportunities: 0,
        sessions: 0,
        sessionsWithMiss: 0,
        turns: 0,
        turnsWithMiss: 0,
      },
      {
        date: "2025-11-10",
        eligibleModelCalls: 0,
        eligibleSessions: 0,
        eligibleTurns: 0,
        endDate: "2025-11-16",
        modelCalls: 0,
        modelCallsWithMiss: 0,
        reusableTokensAtRisk: 0,
        reuseOpportunities: 0,
        sessions: 0,
        sessionsWithMiss: 0,
        turns: 0,
        turnsWithMiss: 0,
      },
      {
        date: "2025-11-17",
        eligibleModelCalls: 0,
        eligibleSessions: 0,
        eligibleTurns: 0,
        endDate: "2025-11-23",
        modelCalls: 0,
        modelCallsWithMiss: 0,
        reusableTokensAtRisk: 0,
        reuseOpportunities: 0,
        sessions: 0,
        sessionsWithMiss: 0,
        turns: 0,
        turnsWithMiss: 0,
      },
      {
        date: "2025-11-24",
        eligibleModelCalls: 0,
        eligibleSessions: 0,
        eligibleTurns: 0,
        endDate: "2025-11-30",
        modelCalls: 0,
        modelCallsWithMiss: 0,
        reusableTokensAtRisk: 0,
        reuseOpportunities: 0,
        sessions: 0,
        sessionsWithMiss: 0,
        turns: 0,
        turnsWithMiss: 0,
      },
      {
        date: "2025-12-01",
        eligibleModelCalls: 0,
        eligibleSessions: 0,
        eligibleTurns: 0,
        endDate: "2025-12-07",
        modelCalls: 0,
        modelCallsWithMiss: 0,
        reusableTokensAtRisk: 0,
        reuseOpportunities: 0,
        sessions: 0,
        sessionsWithMiss: 0,
        turns: 0,
        turnsWithMiss: 0,
      },
      {
        date: "2025-12-08",
        eligibleModelCalls: 0,
        eligibleSessions: 0,
        eligibleTurns: 0,
        endDate: "2025-12-14",
        modelCalls: 0,
        modelCallsWithMiss: 0,
        reusableTokensAtRisk: 0,
        reuseOpportunities: 0,
        sessions: 0,
        sessionsWithMiss: 0,
        turns: 0,
        turnsWithMiss: 0,
      },
      {
        date: "2025-12-15",
        eligibleModelCalls: 0,
        eligibleSessions: 0,
        eligibleTurns: 0,
        endDate: "2025-12-21",
        modelCalls: 0,
        modelCallsWithMiss: 0,
        reusableTokensAtRisk: 0,
        reuseOpportunities: 0,
        sessions: 0,
        sessionsWithMiss: 0,
        turns: 0,
        turnsWithMiss: 0,
      },
      {
        date: "2025-12-22",
        eligibleModelCalls: 0,
        eligibleSessions: 0,
        eligibleTurns: 0,
        endDate: "2025-12-28",
        modelCalls: 0,
        modelCallsWithMiss: 0,
        reusableTokensAtRisk: 0,
        reuseOpportunities: 0,
        sessions: 0,
        sessionsWithMiss: 0,
        turns: 0,
        turnsWithMiss: 0,
      },
      {
        date: "2025-12-29",
        eligibleModelCalls: 0,
        eligibleSessions: 0,
        eligibleTurns: 0,
        endDate: "2026-01-04",
        modelCalls: 0,
        modelCallsWithMiss: 0,
        reusableTokensAtRisk: 0,
        reuseOpportunities: 0,
        sessions: 0,
        sessionsWithMiss: 0,
        turns: 0,
        turnsWithMiss: 0,
      },
      {
        date: "2026-01-05",
        eligibleModelCalls: 0,
        eligibleSessions: 0,
        eligibleTurns: 0,
        endDate: "2026-01-11",
        modelCalls: 0,
        modelCallsWithMiss: 0,
        reusableTokensAtRisk: 0,
        reuseOpportunities: 0,
        sessions: 0,
        sessionsWithMiss: 0,
        turns: 0,
        turnsWithMiss: 0,
      },
      {
        cacheLossBuckets: [
          {
            bucket: "0-16k",
            requests: 2,
            unretainedTokens: 14336,
          },
          {
            bucket: "16-64k",
            requests: 2,
            unretainedTokens: 50944,
          },
          {
            bucket: "64-128k",
            requests: 1,
            unretainedTokens: 116224,
          },
          {
            bucket: "128k+",
            requests: 0,
            unretainedTokens: 0,
          },
        ],
        date: "2026-01-12",
        eligibleModelCalls: 310,
        eligibleSessions: 4,
        eligibleTurns: 73,
        endDate: "2026-01-18",
        modelCalls: 330,
        modelCallsWithMiss: 6,
        reusableTokensAtRisk: 28857984,
        reuseOpportunities: 260,
        sessions: 4,
        sessionsWithMiss: 3,
        turns: 78,
        turnsWithMiss: 6,
      },
      {
        cacheLossBuckets: [
          {
            bucket: "0-16k",
            requests: 0,
            unretainedTokens: 0,
          },
          {
            bucket: "16-64k",
            requests: 1,
            unretainedTokens: 54400,
          },
          {
            bucket: "64-128k",
            requests: 0,
            unretainedTokens: 0,
          },
          {
            bucket: "128k+",
            requests: 0,
            unretainedTokens: 0,
          },
        ],
        date: "2026-01-19",
        eligibleModelCalls: 0,
        eligibleSessions: 0,
        eligibleTurns: 0,
        endDate: "2026-01-25",
        modelCalls: 0,
        modelCallsWithMiss: 0,
        reusableTokensAtRisk: 3458688,
        reuseOpportunities: 50,
        sessions: 0,
        sessionsWithMiss: 0,
        turns: 0,
        turnsWithMiss: 0,
      },
      {
        date: "2026-01-26",
        eligibleModelCalls: 0,
        eligibleSessions: 0,
        eligibleTurns: 0,
        endDate: "2026-02-01",
        modelCalls: 0,
        modelCallsWithMiss: 0,
        reusableTokensAtRisk: 0,
        reuseOpportunities: 0,
        sessions: 0,
        sessionsWithMiss: 0,
        turns: 0,
        turnsWithMiss: 0,
      },
    ],
  },
  rangeDays: 90,
}
`;

snapshot[`dashboard endpoints aggregate imported sessions > tool calls 1`] = `
{
  endAt: 1769947200000,
  expanded: false,
  rangeDays: 30,
  startAt: 1767398400000,
  tools: [
    {
      callsPerModelCall: 1.2901234567901234,
      count: 209,
      modelCalls: 162,
      modelRuntime: {
        average: 8485.648148148148,
        median: 6097,
        p95: 23561.94999999999,
      },
      tool: "bash",
      toolRuntime: {
        average: 5144.827751196172,
        median: 180,
        p95: 30822.199999999953,
      },
    },
    {
      callsPerModelCall: 1.891304347826087,
      count: 174,
      modelCalls: 92,
      modelRuntime: {
        average: 9647.847826086956,
        median: 4965,
        p95: 32658.00000000002,
      },
      tool: "read",
      toolRuntime: {
        average: 99.63793103448276,
        median: 26,
        p95: 526.35,
      },
    },
    {
      callsPerModelCall: 1,
      count: 28,
      modelCalls: 28,
      modelRuntime: {
        average: 18730.60714285714,
        median: 16740,
        p95: 38275.25,
      },
      tool: "edit",
      toolRuntime: {
        average: 18.25,
        median: 15.5,
        p95: 41.74999999999998,
      },
    },
    {
      callsPerModelCall: 1,
      count: 5,
      modelCalls: 5,
      modelRuntime: {
        average: 2474.2,
        median: 2603,
        p95: 2798.6,
      },
      tool: "exec",
      toolRuntime: {
        average: 726.4,
        median: 128,
        p95: 2544.1999999999994,
      },
    },
    {
      callsPerModelCall: 1,
      count: 3,
      modelCalls: 3,
      modelRuntime: {
        average: 42378.666666666664,
        median: 20773,
        p95: 80388.09999999999,
      },
      tool: "write",
      toolRuntime: {
        average: 20,
        median: 8,
        p95: 44.9,
      },
    },
  ],
}
`;

snapshot[`dashboard endpoints aggregate imported sessions > expanded tool calls 1`] = `
{
  endAt: 1769947200000,
  expanded: true,
  rangeDays: 30,
  startAt: 1767398400000,
  tools: [
    {
      callsPerModelCall: 1.2901234567901234,
      count: 209,
      modelCalls: 162,
      modelRuntime: {
        average: 8485.648148148148,
        median: 6097,
        p95: 23561.94999999999,
      },
      tool: "bash printf",
      toolRuntime: {
        average: 5144.827751196172,
        median: 180,
        p95: 30822.199999999953,
      },
    },
    {
      callsPerModelCall: 1.891304347826087,
      count: 174,
      modelCalls: 92,
      modelRuntime: {
        average: 9647.847826086956,
        median: 4965,
        p95: 32658.00000000002,
      },
      tool: "read",
      toolRuntime: {
        average: 99.63793103448276,
        median: 26,
        p95: 526.35,
      },
    },
    {
      callsPerModelCall: 1,
      count: 28,
      modelCalls: 28,
      modelRuntime: {
        average: 18730.60714285714,
        median: 16740,
        p95: 38275.25,
      },
      tool: "edit",
      toolRuntime: {
        average: 18.25,
        median: 15.5,
        p95: 41.74999999999998,
      },
    },
    {
      callsPerModelCall: 1,
      count: 5,
      modelCalls: 5,
      modelRuntime: {
        average: 2474.2,
        median: 2603,
        p95: 2798.6,
      },
      tool: "exec",
      toolRuntime: {
        average: 726.4,
        median: 128,
        p95: 2544.1999999999994,
      },
    },
    {
      callsPerModelCall: 1,
      count: 3,
      modelCalls: 3,
      modelRuntime: {
        average: 42378.666666666664,
        median: 20773,
        p95: 80388.09999999999,
      },
      tool: "write",
      toolRuntime: {
        average: 20,
        median: 8,
        p95: 44.9,
      },
    },
  ],
}
`;

snapshot[`dashboard endpoints aggregate imported sessions > Pi activity over 90 days 1`] = `
{
  days: [
    {
      date: "2026-01-15",
      estimatedActiveMs: 4655841,
      hasUnpricedCost: false,
      models: [
        {
          input: 4773660,
          model: "gpt-6-astra",
          spend: 7.872698,
        },
        {
          input: 25365301,
          model: "gpt-5.6-luna",
          spend: 5.079782000000002,
        },
        {
          input: 209755,
          model: "anthropic/claude-haiku-4.5",
          spend: 0.17134655,
        },
      ],
      processedInput: 30348716,
      sessions: 4,
      spend: 13.12382655,
      topSessions: [
        {
          harness: "pi",
          hasUnpricedCost: false,
          id: 1,
          models: [
            "gpt-5.6-luna",
          ],
          processedInput: 25365301,
          spend: 5.079782000000002,
          title: "Example attachment: /workspace/example/image.png",
          turns: 8,
        },
        {
          harness: "pi",
          hasUnpricedCost: false,
          id: 4,
          models: [
            "gpt-6-astra",
          ],
          processedInput: 3159445,
          spend: 4.632378,
          title: "Example session content.",
          turns: 24,
        },
        {
          harness: "pi",
          hasUnpricedCost: false,
          id: 3,
          models: [
            "gpt-6-astra",
          ],
          processedInput: 1614215,
          spend: 3.24032,
          title: "Example session content.",
          turns: 18,
        },
      ],
      turns: 59,
    },
    {
      date: "2026-01-20",
      estimatedActiveMs: 3208655,
      hasUnpricedCost: false,
      models: [
        {
          input: 3521618,
          model: "gpt-6-astra",
          spend: 5.367338000000001,
        },
      ],
      processedInput: 3521618,
      sessions: 1,
      spend: 5.367338000000001,
      topSessions: [
        {
          harness: "pi",
          hasUnpricedCost: false,
          id: 3,
          models: [
            "gpt-6-astra",
          ],
          processedInput: 3521618,
          spend: 5.367338000000001,
          title: "Example session content.",
          turns: 19,
        },
      ],
      turns: 19,
    },
    {
      date: "2026-01-21",
      estimatedActiveMs: 1162684,
      hasUnpricedCost: false,
      models: [
        {
          input: 328652,
          model: "gpt-6-astra",
          spend: 1.118782,
        },
      ],
      processedInput: 328652,
      sessions: 1,
      spend: 1.118782,
      topSessions: [
        {
          harness: "pi",
          hasUnpricedCost: false,
          id: 3,
          models: [
            "gpt-6-astra",
          ],
          processedInput: 328652,
          spend: 1.118782,
          title: "Example session content.",
          turns: 4,
        },
      ],
      turns: 4,
    },
  ],
  endDate: "2026-02-01",
  spendComposition: {
    days: [
      {
        date: "2025-11-04",
        models: [],
        otherHasUnpricedCost: false,
        otherModels: [],
        otherProcessedInput: 0,
        otherSpend: 0,
      },
      {
        date: "2025-11-05",
        models: [],
        otherHasUnpricedCost: false,
        otherModels: [],
        otherProcessedInput: 0,
        otherSpend: 0,
      },
      {
        date: "2025-11-06",
        models: [],
        otherHasUnpricedCost: false,
        otherModels: [],
        otherProcessedInput: 0,
        otherSpend: 0,
      },
      {
        date: "2025-11-07",
        models: [],
        otherHasUnpricedCost: false,
        otherModels: [],
        otherProcessedInput: 0,
        otherSpend: 0,
      },
      {
        date: "2025-11-08",
        models: [],
        otherHasUnpricedCost: false,
        otherModels: [],
        otherProcessedInput: 0,
        otherSpend: 0,
      },
      {
        date: "2025-11-09",
        models: [],
        otherHasUnpricedCost: false,
        otherModels: [],
        otherProcessedInput: 0,
        otherSpend: 0,
      },
      {
        date: "2025-11-10",
        models: [],
        otherHasUnpricedCost: false,
        otherModels: [],
        otherProcessedInput: 0,
        otherSpend: 0,
      },
      {
        date: "2025-11-11",
        models: [],
        otherHasUnpricedCost: false,
        otherModels: [],
        otherProcessedInput: 0,
        otherSpend: 0,
      },
      {
        date: "2025-11-12",
        models: [],
        otherHasUnpricedCost: false,
        otherModels: [],
        otherProcessedInput: 0,
        otherSpend: 0,
      },
      {
        date: "2025-11-13",
        models: [],
        otherHasUnpricedCost: false,
        otherModels: [],
        otherProcessedInput: 0,
        otherSpend: 0,
      },
      {
        date: "2025-11-14",
        models: [],
        otherHasUnpricedCost: false,
        otherModels: [],
        otherProcessedInput: 0,
        otherSpend: 0,
      },
      {
        date: "2025-11-15",
        models: [],
        otherHasUnpricedCost: false,
        otherModels: [],
        otherProcessedInput: 0,
        otherSpend: 0,
      },
      {
        date: "2025-11-16",
        models: [],
        otherHasUnpricedCost: false,
        otherModels: [],
        otherProcessedInput: 0,
        otherSpend: 0,
      },
      {
        date: "2025-11-17",
        models: [],
        otherHasUnpricedCost: false,
        otherModels: [],
        otherProcessedInput: 0,
        otherSpend: 0,
      },
      {
        date: "2025-11-18",
        models: [],
        otherHasUnpricedCost: false,
        otherModels: [],
        otherProcessedInput: 0,
        otherSpend: 0,
      },
      {
        date: "2025-11-19",
        models: [],
        otherHasUnpricedCost: false,
        otherModels: [],
        otherProcessedInput: 0,
        otherSpend: 0,
      },
      {
        date: "2025-11-20",
        models: [],
        otherHasUnpricedCost: false,
        otherModels: [],
        otherProcessedInput: 0,
        otherSpend: 0,
      },
      {
        date: "2025-11-21",
        models: [],
        otherHasUnpricedCost: false,
        otherModels: [],
        otherProcessedInput: 0,
        otherSpend: 0,
      },
      {
        date: "2025-11-22",
        models: [],
        otherHasUnpricedCost: false,
        otherModels: [],
        otherProcessedInput: 0,
        otherSpend: 0,
      },
      {
        date: "2025-11-23",
        models: [],
        otherHasUnpricedCost: false,
        otherModels: [],
        otherProcessedInput: 0,
        otherSpend: 0,
      },
      {
        date: "2025-11-24",
        models: [],
        otherHasUnpricedCost: false,
        otherModels: [],
        otherProcessedInput: 0,
        otherSpend: 0,
      },
      {
        date: "2025-11-25",
        models: [],
        otherHasUnpricedCost: false,
        otherModels: [],
        otherProcessedInput: 0,
        otherSpend: 0,
      },
      {
        date: "2025-11-26",
        models: [],
        otherHasUnpricedCost: false,
        otherModels: [],
        otherProcessedInput: 0,
        otherSpend: 0,
      },
      {
        date: "2025-11-27",
        models: [],
        otherHasUnpricedCost: false,
        otherModels: [],
        otherProcessedInput: 0,
        otherSpend: 0,
      },
      {
        date: "2025-11-28",
        models: [],
        otherHasUnpricedCost: false,
        otherModels: [],
        otherProcessedInput: 0,
        otherSpend: 0,
      },
      {
        date: "2025-11-29",
        models: [],
        otherHasUnpricedCost: false,
        otherModels: [],
        otherProcessedInput: 0,
        otherSpend: 0,
      },
      {
        date: "2025-11-30",
        models: [],
        otherHasUnpricedCost: false,
        otherModels: [],
        otherProcessedInput: 0,
        otherSpend: 0,
      },
      {
        date: "2025-12-01",
        models: [],
        otherHasUnpricedCost: false,
        otherModels: [],
        otherProcessedInput: 0,
        otherSpend: 0,
      },
      {
        date: "2025-12-02",
        models: [],
        otherHasUnpricedCost: false,
        otherModels: [],
        otherProcessedInput: 0,
        otherSpend: 0,
      },
      {
        date: "2025-12-03",
        models: [],
        otherHasUnpricedCost: false,
        otherModels: [],
        otherProcessedInput: 0,
        otherSpend: 0,
      },
      {
        date: "2025-12-04",
        models: [],
        otherHasUnpricedCost: false,
        otherModels: [],
        otherProcessedInput: 0,
        otherSpend: 0,
      },
      {
        date: "2025-12-05",
        models: [],
        otherHasUnpricedCost: false,
        otherModels: [],
        otherProcessedInput: 0,
        otherSpend: 0,
      },
      {
        date: "2025-12-06",
        models: [],
        otherHasUnpricedCost: false,
        otherModels: [],
        otherProcessedInput: 0,
        otherSpend: 0,
      },
      {
        date: "2025-12-07",
        models: [],
        otherHasUnpricedCost: false,
        otherModels: [],
        otherProcessedInput: 0,
        otherSpend: 0,
      },
      {
        date: "2025-12-08",
        models: [],
        otherHasUnpricedCost: false,
        otherModels: [],
        otherProcessedInput: 0,
        otherSpend: 0,
      },
      {
        date: "2025-12-09",
        models: [],
        otherHasUnpricedCost: false,
        otherModels: [],
        otherProcessedInput: 0,
        otherSpend: 0,
      },
      {
        date: "2025-12-10",
        models: [],
        otherHasUnpricedCost: false,
        otherModels: [],
        otherProcessedInput: 0,
        otherSpend: 0,
      },
      {
        date: "2025-12-11",
        models: [],
        otherHasUnpricedCost: false,
        otherModels: [],
        otherProcessedInput: 0,
        otherSpend: 0,
      },
      {
        date: "2025-12-12",
        models: [],
        otherHasUnpricedCost: false,
        otherModels: [],
        otherProcessedInput: 0,
        otherSpend: 0,
      },
      {
        date: "2025-12-13",
        models: [],
        otherHasUnpricedCost: false,
        otherModels: [],
        otherProcessedInput: 0,
        otherSpend: 0,
      },
      {
        date: "2025-12-14",
        models: [],
        otherHasUnpricedCost: false,
        otherModels: [],
        otherProcessedInput: 0,
        otherSpend: 0,
      },
      {
        date: "2025-12-15",
        models: [],
        otherHasUnpricedCost: false,
        otherModels: [],
        otherProcessedInput: 0,
        otherSpend: 0,
      },
      {
        date: "2025-12-16",
        models: [],
        otherHasUnpricedCost: false,
        otherModels: [],
        otherProcessedInput: 0,
        otherSpend: 0,
      },
      {
        date: "2025-12-17",
        models: [],
        otherHasUnpricedCost: false,
        otherModels: [],
        otherProcessedInput: 0,
        otherSpend: 0,
      },
      {
        date: "2025-12-18",
        models: [],
        otherHasUnpricedCost: false,
        otherModels: [],
        otherProcessedInput: 0,
        otherSpend: 0,
      },
      {
        date: "2025-12-19",
        models: [],
        otherHasUnpricedCost: false,
        otherModels: [],
        otherProcessedInput: 0,
        otherSpend: 0,
      },
      {
        date: "2025-12-20",
        models: [],
        otherHasUnpricedCost: false,
        otherModels: [],
        otherProcessedInput: 0,
        otherSpend: 0,
      },
      {
        date: "2025-12-21",
        models: [],
        otherHasUnpricedCost: false,
        otherModels: [],
        otherProcessedInput: 0,
        otherSpend: 0,
      },
      {
        date: "2025-12-22",
        models: [],
        otherHasUnpricedCost: false,
        otherModels: [],
        otherProcessedInput: 0,
        otherSpend: 0,
      },
      {
        date: "2025-12-23",
        models: [],
        otherHasUnpricedCost: false,
        otherModels: [],
        otherProcessedInput: 0,
        otherSpend: 0,
      },
      {
        date: "2025-12-24",
        models: [],
        otherHasUnpricedCost: false,
        otherModels: [],
        otherProcessedInput: 0,
        otherSpend: 0,
      },
      {
        date: "2025-12-25",
        models: [],
        otherHasUnpricedCost: false,
        otherModels: [],
        otherProcessedInput: 0,
        otherSpend: 0,
      },
      {
        date: "2025-12-26",
        models: [],
        otherHasUnpricedCost: false,
        otherModels: [],
        otherProcessedInput: 0,
        otherSpend: 0,
      },
      {
        date: "2025-12-27",
        models: [],
        otherHasUnpricedCost: false,
        otherModels: [],
        otherProcessedInput: 0,
        otherSpend: 0,
      },
      {
        date: "2025-12-28",
        models: [],
        otherHasUnpricedCost: false,
        otherModels: [],
        otherProcessedInput: 0,
        otherSpend: 0,
      },
      {
        date: "2025-12-29",
        models: [],
        otherHasUnpricedCost: false,
        otherModels: [],
        otherProcessedInput: 0,
        otherSpend: 0,
      },
      {
        date: "2025-12-30",
        models: [],
        otherHasUnpricedCost: false,
        otherModels: [],
        otherProcessedInput: 0,
        otherSpend: 0,
      },
      {
        date: "2025-12-31",
        models: [],
        otherHasUnpricedCost: false,
        otherModels: [],
        otherProcessedInput: 0,
        otherSpend: 0,
      },
      {
        date: "2026-01-01",
        models: [],
        otherHasUnpricedCost: false,
        otherModels: [],
        otherProcessedInput: 0,
        otherSpend: 0,
      },
      {
        date: "2026-01-02",
        models: [],
        otherHasUnpricedCost: false,
        otherModels: [],
        otherProcessedInput: 0,
        otherSpend: 0,
      },
      {
        date: "2026-01-03",
        models: [],
        otherHasUnpricedCost: false,
        otherModels: [],
        otherProcessedInput: 0,
        otherSpend: 0,
      },
      {
        date: "2026-01-04",
        models: [],
        otherHasUnpricedCost: false,
        otherModels: [],
        otherProcessedInput: 0,
        otherSpend: 0,
      },
      {
        date: "2026-01-05",
        models: [],
        otherHasUnpricedCost: false,
        otherModels: [],
        otherProcessedInput: 0,
        otherSpend: 0,
      },
      {
        date: "2026-01-06",
        models: [],
        otherHasUnpricedCost: false,
        otherModels: [],
        otherProcessedInput: 0,
        otherSpend: 0,
      },
      {
        date: "2026-01-07",
        models: [],
        otherHasUnpricedCost: false,
        otherModels: [],
        otherProcessedInput: 0,
        otherSpend: 0,
      },
      {
        date: "2026-01-08",
        models: [],
        otherHasUnpricedCost: false,
        otherModels: [],
        otherProcessedInput: 0,
        otherSpend: 0,
      },
      {
        date: "2026-01-09",
        models: [],
        otherHasUnpricedCost: false,
        otherModels: [],
        otherProcessedInput: 0,
        otherSpend: 0,
      },
      {
        date: "2026-01-10",
        models: [],
        otherHasUnpricedCost: false,
        otherModels: [],
        otherProcessedInput: 0,
        otherSpend: 0,
      },
      {
        date: "2026-01-11",
        models: [],
        otherHasUnpricedCost: false,
        otherModels: [],
        otherProcessedInput: 0,
        otherSpend: 0,
      },
      {
        date: "2026-01-12",
        models: [],
        otherHasUnpricedCost: false,
        otherModels: [],
        otherProcessedInput: 0,
        otherSpend: 0,
      },
      {
        date: "2026-01-13",
        models: [],
        otherHasUnpricedCost: false,
        otherModels: [],
        otherProcessedInput: 0,
        otherSpend: 0,
      },
      {
        date: "2026-01-14",
        models: [],
        otherHasUnpricedCost: false,
        otherModels: [],
        otherProcessedInput: 0,
        otherSpend: 0,
      },
      {
        date: "2026-01-15",
        models: [
          {
            hasUnpricedCost: false,
            model: "gpt-5.6-luna",
            processedInput: 25365301,
            spend: 5.079782000000002,
          },
          {
            hasUnpricedCost: false,
            model: "anthropic/claude-haiku-4.5",
            processedInput: 209755,
            spend: 0.17134655,
          },
          {
            hasUnpricedCost: false,
            model: "gpt-6-astra",
            processedInput: 4773660,
            spend: 7.872698,
          },
        ],
        otherHasUnpricedCost: false,
        otherModels: [],
        otherProcessedInput: 0,
        otherSpend: 0,
      },
      {
        date: "2026-01-16",
        models: [],
        otherHasUnpricedCost: false,
        otherModels: [],
        otherProcessedInput: 0,
        otherSpend: 0,
      },
      {
        date: "2026-01-17",
        models: [],
        otherHasUnpricedCost: false,
        otherModels: [],
        otherProcessedInput: 0,
        otherSpend: 0,
      },
      {
        date: "2026-01-18",
        models: [],
        otherHasUnpricedCost: false,
        otherModels: [],
        otherProcessedInput: 0,
        otherSpend: 0,
      },
      {
        date: "2026-01-19",
        models: [],
        otherHasUnpricedCost: false,
        otherModels: [],
        otherProcessedInput: 0,
        otherSpend: 0,
      },
      {
        date: "2026-01-20",
        models: [
          {
            hasUnpricedCost: false,
            model: "gpt-6-astra",
            processedInput: 3521618,
            spend: 5.367338000000001,
          },
        ],
        otherHasUnpricedCost: false,
        otherModels: [],
        otherProcessedInput: 0,
        otherSpend: 0,
      },
      {
        date: "2026-01-21",
        models: [
          {
            hasUnpricedCost: false,
            model: "gpt-6-astra",
            processedInput: 328652,
            spend: 1.118782,
          },
        ],
        otherHasUnpricedCost: false,
        otherModels: [],
        otherProcessedInput: 0,
        otherSpend: 0,
      },
      {
        date: "2026-01-22",
        models: [],
        otherHasUnpricedCost: false,
        otherModels: [],
        otherProcessedInput: 0,
        otherSpend: 0,
      },
      {
        date: "2026-01-23",
        models: [],
        otherHasUnpricedCost: false,
        otherModels: [],
        otherProcessedInput: 0,
        otherSpend: 0,
      },
      {
        date: "2026-01-24",
        models: [],
        otherHasUnpricedCost: false,
        otherModels: [],
        otherProcessedInput: 0,
        otherSpend: 0,
      },
      {
        date: "2026-01-25",
        models: [],
        otherHasUnpricedCost: false,
        otherModels: [],
        otherProcessedInput: 0,
        otherSpend: 0,
      },
      {
        date: "2026-01-26",
        models: [],
        otherHasUnpricedCost: false,
        otherModels: [],
        otherProcessedInput: 0,
        otherSpend: 0,
      },
      {
        date: "2026-01-27",
        models: [],
        otherHasUnpricedCost: false,
        otherModels: [],
        otherProcessedInput: 0,
        otherSpend: 0,
      },
      {
        date: "2026-01-28",
        models: [],
        otherHasUnpricedCost: false,
        otherModels: [],
        otherProcessedInput: 0,
        otherSpend: 0,
      },
      {
        date: "2026-01-29",
        models: [],
        otherHasUnpricedCost: false,
        otherModels: [],
        otherProcessedInput: 0,
        otherSpend: 0,
      },
      {
        date: "2026-01-30",
        models: [],
        otherHasUnpricedCost: false,
        otherModels: [],
        otherProcessedInput: 0,
        otherSpend: 0,
      },
      {
        date: "2026-01-31",
        models: [],
        otherHasUnpricedCost: false,
        otherModels: [],
        otherProcessedInput: 0,
        otherSpend: 0,
      },
      {
        date: "2026-02-01",
        models: [],
        otherHasUnpricedCost: false,
        otherModels: [],
        otherProcessedInput: 0,
        otherSpend: 0,
      },
    ],
    hasUnpricedCost: false,
    models: [
      {
        effectiveCostPerMillion: 1.664997048909256,
        generation: "6",
        hasUnpricedCost: false,
        model: "gpt-6-astra",
        processedInput: 8623930,
        provider: "openai",
        selectedBySpend: true,
        selectedByTokens: true,
        spend: 14.358818,
        spendRank: 1,
        tier: "standard",
        tierRank: 1,
        tokenRank: 2,
      },
      {
        effectiveCostPerMillion: 0.20026499981214502,
        generation: "5.6",
        hasUnpricedCost: false,
        model: "gpt-5.6-luna",
        processedInput: 25365301,
        provider: "openai",
        selectedBySpend: true,
        selectedByTokens: true,
        spend: 5.079782000000002,
        spendRank: 2,
        tier: "luna",
        tierRank: 2,
        tokenRank: 1,
      },
      {
        effectiveCostPerMillion: 0.8168889895354103,
        generation: "4.5",
        hasUnpricedCost: false,
        model: "anthropic/claude-haiku-4.5",
        processedInput: 209755,
        provider: "anthropic",
        selectedBySpend: true,
        selectedByTokens: true,
        spend: 0.17134655,
        spendRank: 3,
        tier: "haiku",
        tierRank: 3,
        tokenRank: 3,
      },
    ],
    processedInput: 34198986,
    spend: 19.60994655,
  },
  startDate: "2025-11-04",
  summary: {
    hasUnpricedCost: false,
    processedInput: 34198986,
    sessions: 4,
    spend: 19.60994655,
    spendAtMissCalls: 3.211041778826351,
    subagentSpend: 0,
    tokenReuse: 0.9629588725232965,
    topDecileSpendShare: 0.4959952325826202,
  },
}
`;

snapshot[`dashboard endpoints aggregate imported sessions > empty activity 1`] = `
{
  days: [],
  endDate: "2026-02-01",
  spendComposition: {
    days: [
      {
        date: "2026-01-03",
        models: [],
        otherHasUnpricedCost: false,
        otherModels: [],
        otherProcessedInput: 0,
        otherSpend: 0,
      },
      {
        date: "2026-01-04",
        models: [],
        otherHasUnpricedCost: false,
        otherModels: [],
        otherProcessedInput: 0,
        otherSpend: 0,
      },
      {
        date: "2026-01-05",
        models: [],
        otherHasUnpricedCost: false,
        otherModels: [],
        otherProcessedInput: 0,
        otherSpend: 0,
      },
      {
        date: "2026-01-06",
        models: [],
        otherHasUnpricedCost: false,
        otherModels: [],
        otherProcessedInput: 0,
        otherSpend: 0,
      },
      {
        date: "2026-01-07",
        models: [],
        otherHasUnpricedCost: false,
        otherModels: [],
        otherProcessedInput: 0,
        otherSpend: 0,
      },
      {
        date: "2026-01-08",
        models: [],
        otherHasUnpricedCost: false,
        otherModels: [],
        otherProcessedInput: 0,
        otherSpend: 0,
      },
      {
        date: "2026-01-09",
        models: [],
        otherHasUnpricedCost: false,
        otherModels: [],
        otherProcessedInput: 0,
        otherSpend: 0,
      },
      {
        date: "2026-01-10",
        models: [],
        otherHasUnpricedCost: false,
        otherModels: [],
        otherProcessedInput: 0,
        otherSpend: 0,
      },
      {
        date: "2026-01-11",
        models: [],
        otherHasUnpricedCost: false,
        otherModels: [],
        otherProcessedInput: 0,
        otherSpend: 0,
      },
      {
        date: "2026-01-12",
        models: [],
        otherHasUnpricedCost: false,
        otherModels: [],
        otherProcessedInput: 0,
        otherSpend: 0,
      },
      {
        date: "2026-01-13",
        models: [],
        otherHasUnpricedCost: false,
        otherModels: [],
        otherProcessedInput: 0,
        otherSpend: 0,
      },
      {
        date: "2026-01-14",
        models: [],
        otherHasUnpricedCost: false,
        otherModels: [],
        otherProcessedInput: 0,
        otherSpend: 0,
      },
      {
        date: "2026-01-15",
        models: [],
        otherHasUnpricedCost: false,
        otherModels: [],
        otherProcessedInput: 0,
        otherSpend: 0,
      },
      {
        date: "2026-01-16",
        models: [],
        otherHasUnpricedCost: false,
        otherModels: [],
        otherProcessedInput: 0,
        otherSpend: 0,
      },
      {
        date: "2026-01-17",
        models: [],
        otherHasUnpricedCost: false,
        otherModels: [],
        otherProcessedInput: 0,
        otherSpend: 0,
      },
      {
        date: "2026-01-18",
        models: [],
        otherHasUnpricedCost: false,
        otherModels: [],
        otherProcessedInput: 0,
        otherSpend: 0,
      },
      {
        date: "2026-01-19",
        models: [],
        otherHasUnpricedCost: false,
        otherModels: [],
        otherProcessedInput: 0,
        otherSpend: 0,
      },
      {
        date: "2026-01-20",
        models: [],
        otherHasUnpricedCost: false,
        otherModels: [],
        otherProcessedInput: 0,
        otherSpend: 0,
      },
      {
        date: "2026-01-21",
        models: [],
        otherHasUnpricedCost: false,
        otherModels: [],
        otherProcessedInput: 0,
        otherSpend: 0,
      },
      {
        date: "2026-01-22",
        models: [],
        otherHasUnpricedCost: false,
        otherModels: [],
        otherProcessedInput: 0,
        otherSpend: 0,
      },
      {
        date: "2026-01-23",
        models: [],
        otherHasUnpricedCost: false,
        otherModels: [],
        otherProcessedInput: 0,
        otherSpend: 0,
      },
      {
        date: "2026-01-24",
        models: [],
        otherHasUnpricedCost: false,
        otherModels: [],
        otherProcessedInput: 0,
        otherSpend: 0,
      },
      {
        date: "2026-01-25",
        models: [],
        otherHasUnpricedCost: false,
        otherModels: [],
        otherProcessedInput: 0,
        otherSpend: 0,
      },
      {
        date: "2026-01-26",
        models: [],
        otherHasUnpricedCost: false,
        otherModels: [],
        otherProcessedInput: 0,
        otherSpend: 0,
      },
      {
        date: "2026-01-27",
        models: [],
        otherHasUnpricedCost: false,
        otherModels: [],
        otherProcessedInput: 0,
        otherSpend: 0,
      },
      {
        date: "2026-01-28",
        models: [],
        otherHasUnpricedCost: false,
        otherModels: [],
        otherProcessedInput: 0,
        otherSpend: 0,
      },
      {
        date: "2026-01-29",
        models: [],
        otherHasUnpricedCost: false,
        otherModels: [],
        otherProcessedInput: 0,
        otherSpend: 0,
      },
      {
        date: "2026-01-30",
        models: [],
        otherHasUnpricedCost: false,
        otherModels: [],
        otherProcessedInput: 0,
        otherSpend: 0,
      },
      {
        date: "2026-01-31",
        models: [],
        otherHasUnpricedCost: false,
        otherModels: [],
        otherProcessedInput: 0,
        otherSpend: 0,
      },
      {
        date: "2026-02-01",
        models: [],
        otherHasUnpricedCost: false,
        otherModels: [],
        otherProcessedInput: 0,
        otherSpend: 0,
      },
    ],
    hasUnpricedCost: false,
    models: [],
    processedInput: 0,
    spend: 0,
  },
  startDate: "2026-01-03",
  summary: {
    hasUnpricedCost: false,
    processedInput: 0,
    sessions: 0,
    spend: 0,
    spendAtMissCalls: 0,
    subagentSpend: 0,
    topDecileSpendShare: 0,
  },
}
`;
