export const snapshot = {};

snapshot[`sessions table lists imported Pi and Codex sessions 1`] = `
{
  items: [
    {
      cacheIssues: [
        {
          status: "full-miss",
          turn: 5,
        },
        {
          cause: "ttl",
          status: "full-miss",
          turn: 15,
        },
        {
          cause: "ttl",
          status: "full-miss",
          turn: 19,
        },
        {
          status: "full-miss",
          turn: 20,
        },
        {
          cause: "ttl",
          status: "full-miss",
          turn: 38,
        },
      ],
      cacheMissCost: 2.6048,
      cacheSummary: {
        baseline: 1,
        compactionRelatedMisses: 0,
        fullMisses: 2,
        hits: 89,
        notComparable: 6,
        partialHits: 0,
        thinkingChangeRelatedMisses: 0,
        ttlRelatedMisses: 3,
        unexpectedMisses: 2,
        unknown: 0,
      },
      compactionCount: 0,
      computedCost: 9.726439999999998,
      contextLatest: 82588,
      contextPeak: 82588,
      contextPeakCall: 1,
      contextPeakTurn: 41,
      displayModel: "GPT 6 Astra",
      endedAt: 1768985472790,
      harness: "pi",
      hasUnpricedCacheMissCost: false,
      id: "astra-ttl3-full2",
      inclusiveCacheMissCost: 2.6048,
      inclusiveComputedCost: 9.726439999999998,
      inclusiveHasUnpricedCacheMissCost: false,
      inclusiveImageInputs: 0,
      inclusiveModelCalls: 101,
      inclusiveReportedCost: 9.726439999999998,
      inclusiveTokens: {
        cacheRead: 5107840,
        freshPrompt: 356645,
        output: 20005,
        processed: 5485528,
        reasoning: 1038,
        uncachedInput: 356645,
      },
      inclusiveUserTurns: 41,
      modelCalls: 101,
      models: [
        "gpt-6-astra",
      ],
      providers: [
        "openai-codex",
      ],
      reportedCost: 9.726439999999998,
      startedAt: 1768478426424,
      subagentCount: 0,
      thinking: {
        classifiedCalls: 101,
        latest: "medium",
        values: [
          "medium",
        ],
      },
      title: "Example session content.",
      tokens: {
        cacheRead: 5107840,
        freshPrompt: 356645,
        output: 20005,
        processed: 5485528,
        reasoning: 1038,
        uncachedInput: 356645,
      },
      updatedAt: 1768985472790,
      userTurns: 41,
      workingDirectory: "/workspace/example/path-1",
    },
    {
      cacheIssues: [
        {
          cause: "compaction",
          status: "full-miss",
          turn: 2,
        },
        {
          status: "full-miss",
          turn: 8,
        },
      ],
      cacheMissCost: 0.14532499999999998,
      cacheSummary: {
        baseline: 1,
        compactionRelatedMisses: 1,
        fullMisses: 1,
        hits: 134,
        notComparable: 2,
        partialHits: 0,
        thinkingChangeRelatedMisses: 0,
        ttlRelatedMisses: 0,
        unexpectedMisses: 1,
        unknown: 0,
      },
      compactionCount: 1,
      computedCost: 5.079782000000002,
      contextLatest: 124885,
      contextPeak: 344237,
      contextPeakCall: 85,
      contextPeakTurn: 1,
      displayModel: "GPT 5.6 Luna",
      endedAt: 1768481326669,
      harness: "pi",
      hasUnpricedCacheMissCost: false,
      id: "luna-compaction1-full1",
      inclusiveCacheMissCost: 0.14532499999999998,
      inclusiveComputedCost: 5.079782000000002,
      inclusiveHasUnpricedCacheMissCost: false,
      inclusiveImageInputs: 1,
      inclusiveModelCalls: 139,
      inclusiveReportedCost: 1.0159563999999999,
      inclusiveTokens: {
        cacheRead: 24694656,
        freshPrompt: 670645,
        output: 21174,
        processed: 25448734,
        reasoning: 62259,
        uncachedInput: 670645,
      },
      inclusiveUserTurns: 8,
      modelCalls: 139,
      models: [
        "gpt-5.6-luna",
      ],
      providers: [
        "openai-codex",
      ],
      reportedCost: 1.0159563999999999,
      startedAt: 1768478533864,
      subagentCount: 0,
      thinking: {
        classifiedCalls: 139,
        latest: "max",
        values: [
          "max",
        ],
      },
      title: "Example attachment: /workspace/example/image.png",
      tokens: {
        cacheRead: 24694656,
        freshPrompt: 670645,
        output: 21174,
        processed: 25448734,
        reasoning: 62259,
        uncachedInput: 670645,
      },
      updatedAt: 1768481326669,
      userTurns: 8,
      workingDirectory: "/workspace/example/path-1",
    },
    {
      cacheIssues: [
        {
          status: "partial-hit",
          turn: 2,
        },
        {
          status: "full-miss",
          turn: 5,
        },
        {
          status: "partial-hit",
          turn: 12,
        },
      ],
      cacheMissCost: 0.38271999999999995,
      cacheSummary: {
        baseline: 1,
        compactionRelatedMisses: 0,
        fullMisses: 1,
        hits: 73,
        notComparable: 3,
        partialHits: 2,
        thinkingChangeRelatedMisses: 0,
        ttlRelatedMisses: 0,
        unexpectedMisses: 3,
        unknown: 0,
      },
      compactionCount: 0,
      computedCost: 4.632378,
      contextLatest: 60041,
      contextPeak: 60041,
      contextPeakCall: 3,
      contextPeakTurn: 24,
      displayModel: "GPT 6 Astra",
      endedAt: 1768481589794,
      harness: "pi",
      hasUnpricedCacheMissCost: false,
      id: "astra-full1-partial2",
      inclusiveCacheMissCost: 0.38271999999999995,
      inclusiveComputedCost: 4.632378,
      inclusiveHasUnpricedCacheMissCost: false,
      inclusiveImageInputs: 5,
      inclusiveModelCalls: 80,
      inclusiveReportedCost: 4.632378,
      inclusiveTokens: {
        cacheRead: 3047808,
        freshPrompt: 111637,
        output: 9204,
        processed: 3168809,
        reasoning: 160,
        uncachedInput: 111637,
      },
      inclusiveUserTurns: 24,
      modelCalls: 80,
      models: [
        "gpt-6-astra",
      ],
      providers: [
        "openai-codex",
      ],
      reportedCost: 4.632378,
      startedAt: 1768478420691,
      subagentCount: 0,
      thinking: {
        classifiedCalls: 80,
        latest: "medium",
        values: [
          "medium",
        ],
      },
      title: "Example session content.",
      tokens: {
        cacheRead: 3047808,
        freshPrompt: 111637,
        output: 9204,
        processed: 3168809,
        reasoning: 160,
        uncachedInput: 111637,
      },
      updatedAt: 1768481589794,
      userTurns: 24,
      workingDirectory: "/workspace/example/path-1",
    },
    {
      cacheIssues: [
        {
          status: "full-miss",
          turn: 4,
        },
        {
          cause: "thinking-change",
          status: "full-miss",
          turn: 6,
        },
        {
          cause: "thinking-change",
          status: "full-miss",
          turn: 8,
        },
      ],
      cacheMissCost: 0.0781967788263512,
      cacheSummary: {
        baseline: 1,
        compactionRelatedMisses: 0,
        fullMisses: 1,
        hits: 5,
        notComparable: 5,
        partialHits: 0,
        thinkingChangeRelatedMisses: 2,
        ttlRelatedMisses: 0,
        unexpectedMisses: 1,
        unknown: 0,
      },
      compactionCount: 0,
      computedCost: 0.17134655,
      contextLatest: 26644,
      contextPeak: 26644,
      contextPeakCall: 1,
      contextPeakTurn: 9,
      displayModel: "Claude Haiku 4.5",
      endedAt: 1768478539412,
      harness: "pi",
      hasUnpricedCacheMissCost: false,
      id: "haiku-thinking2-full1",
      inclusiveCacheMissCost: 0.0781967788263512,
      inclusiveComputedCost: 0.17134655,
      inclusiveHasUnpricedCacheMissCost: false,
      inclusiveImageInputs: 0,
      inclusiveModelCalls: 14,
      inclusiveReportedCost: 0.17134655,
      inclusiveTokens: {
        cacheRead: 81913,
        cacheWrite1h: 0,
        cacheWrite5m: 89233,
        cacheWrite: 89233,
        freshPrompt: 127842,
        output: 1825,
        processed: 212356,
        reasoning: 776,
        uncachedInput: 38609,
      },
      inclusiveUserTurns: 9,
      modelCalls: 14,
      models: [
        "anthropic/claude-haiku-4.5",
      ],
      providers: [
        "openrouter",
      ],
      reportedCost: 0.17134655,
      startedAt: 1768478419210,
      subagentCount: 0,
      thinking: {
        classifiedCalls: 14,
        latest: "high",
        values: [
          "low",
          "medium",
          "high",
        ],
      },
      title: "Example session content.",
      tokens: {
        cacheRead: 81913,
        cacheWrite1h: 0,
        cacheWrite5m: 89233,
        cacheWrite: 89233,
        freshPrompt: 127842,
        output: 1825,
        processed: 212356,
        reasoning: 776,
        uncachedInput: 38609,
      },
      updatedAt: 1768478539412,
      userTurns: 9,
      workingDirectory: "/workspace/example",
    },
    {
      cacheIssues: [
        {
          cause: "thinking-change",
          status: "full-miss",
          turn: 5,
        },
      ],
      cacheMissCost: 0.015359999999999999,
      cacheSummary: {
        baseline: 1,
        compactionRelatedMisses: 0,
        fullMisses: 0,
        hits: 8,
        notComparable: 0,
        partialHits: 0,
        thinkingChangeRelatedMisses: 1,
        ttlRelatedMisses: 0,
        unexpectedMisses: 0,
        unknown: 0,
      },
      compactionCount: 0,
      computedCost: 0.16992699999999997,
      contextLatest: 21700,
      contextPeak: 21700,
      contextPeakCall: 1,
      contextPeakTurn: 5,
      displayModel: "GPT 5.6 Terra",
      endedAt: 1768478876650,
      harness: "codex",
      hasUnpricedCacheMissCost: false,
      id: "fixture-id-0001",
      inclusiveCacheMissCost: 0.015359999999999999,
      inclusiveComputedCost: 0.16992699999999997,
      inclusiveHasUnpricedCacheMissCost: false,
      inclusiveImageInputs: 0,
      inclusiveModelCalls: 10,
      inclusiveTokens: {
        cacheRead: 158208,
        freshPrompt: 21682,
        output: 400,
        processed: 180290,
        reasoning: 0,
        uncachedInput: 21682,
      },
      inclusiveUserTurns: 5,
      modelCalls: 10,
      models: [
        "gpt-5.6-sol",
        "gpt-5.6-terra",
      ],
      providers: [
        "openai",
      ],
      startedAt: 1768478400001,
      subagentCount: 0,
      thinking: {
        classifiedCalls: 10,
        latest: "medium",
        values: [
          "low",
          "medium",
        ],
      },
      title: "Example session content.",
      tokens: {
        cacheRead: 158208,
        freshPrompt: 21682,
        output: 400,
        processed: 180290,
        reasoning: 0,
        uncachedInput: 21682,
      },
      updatedAt: 1768478877163,
      userTurns: 5,
      workingDirectory: "/workspace/example",
    },
  ],
  pagination: {
    page: 1,
    pageSize: 100,
    totalItems: 5,
    totalPages: 1,
  },
}
`;
